<html>
<body>
<pre>
<h1>µVision Build Log</h1>
<h2>Tool Versions:</h2>
IDE-Version: µVision V5.25.2.0
Copyright (C) 2018 ARM Ltd and ARM Germany GmbH. All rights reserved.
License Information: N/A N/A, N/A, LIC=LMZ45-GZVMW-2CQJE-53WYV-ZSP49-KMYGT
 
Tool Versions:
Toolchain:       MDK-ARM Basic (256K)  Version: 5.25.2.0
Toolchain Path:  C:\Keil_v5\ARM\ARMCC\Bin
C Compiler:      Armcc.exe V5.06 update 6 (build 750)
Assembler:       Armasm.exe V5.06 update 6 (build 750)
Linker/Locator:  ArmLink.exe V5.06 update 6 (build 750)
Library Manager: ArmAr.exe V5.06 update 6 (build 750)
Hex Converter:   FromElf.exe V5.06 update 6 (build 750)
CPU DLL:         
Dialog DLL:      
Target DLL:      Segger\JL2CM3.dll V2.99.29.0
Dialog DLL:      TCM.DLL V1.35.1.0
 
<h2>Project:</h2>
C:\Users\sinan\Desktop\Thesis_SW_Part - Kopya\examples\ble_peripheral\ble_app_ias_c\pca10056\s140\arm5_no_packs\ble_app_ias_c_pca10056_s140.uvprojx
Project File Date:  08/30/2020

<h2>Output:</h2>
*** Using Compiler 'V5.06 update 6 (build 750)', folder: 'C:\Keil_v5\ARM\ARMCC\Bin'
Build target 'nrf52840_xxaa'
compiling sh_timer.c...
..\..\..\inc\sh_ble.h(186): warning:  #1295-D: Deprecated declaration sh_ble_event_handler - give arg types
  extern void sh_ble_event_handler();
..\..\..\inc\sh_gpio.h(10): warning:  #1-D: last line of file ends without a newline
  extern void sh_gpio_init();
..\..\..\inc\sh_gpio.h(10): warning:  #1295-D: Deprecated declaration sh_gpio_init - give arg types
  extern void sh_gpio_init();
..\..\..\inc\sh_timer.h(9): warning:  #1295-D: Deprecated declaration sh_timer_init - give arg types
  extern void sh_timer_init();
..\..\..\inc\sh_timer.h(15): warning:  #1-D: last line of file ends without a newline
  extern void sh_start_timer(void);
..\..\..\sh_timer.c(58): warning:  #1-D: last line of file ends without a newline
  }
..\..\..\sh_timer.c: 6 warnings, 0 errors
compiling sh_gpio.c...
..\..\..\inc\sh_ble.h(186): warning:  #1295-D: Deprecated declaration sh_ble_event_handler - give arg types
  extern void sh_ble_event_handler();
..\..\..\inc\sh_gpio.h(10): warning:  #1-D: last line of file ends without a newline
  extern void sh_gpio_init();
..\..\..\inc\sh_gpio.h(10): warning:  #1295-D: Deprecated declaration sh_gpio_init - give arg types
  extern void sh_gpio_init();
..\..\..\inc\sh_timer.h(9): warning:  #1295-D: Deprecated declaration sh_timer_init - give arg types
  extern void sh_timer_init();
..\..\..\inc\sh_timer.h(15): warning:  #1-D: last line of file ends without a newline
  extern void sh_start_timer(void);
..\..\..\sh_gpio.c(29): warning:  #1-D: last line of file ends without a newline
  }
..\..\..\sh_gpio.c: 6 warnings, 0 errors
compiling main.c...
..\..\..\inc\sh_ble.h(186): warning:  #1295-D: Deprecated declaration sh_ble_event_handler - give arg types
  extern void sh_ble_event_handler();
..\..\..\inc\sh_gpio.h(10): warning:  #1-D: last line of file ends without a newline
  extern void sh_gpio_init();
..\..\..\inc\sh_gpio.h(10): warning:  #1295-D: Deprecated declaration sh_gpio_init - give arg types
  extern void sh_gpio_init();
..\..\..\inc\sh_timer.h(9): warning:  #1295-D: Deprecated declaration sh_timer_init - give arg types
  extern void sh_timer_init();
..\..\..\inc\sh_timer.h(15): warning:  #1-D: last line of file ends without a newline
  extern void sh_start_timer(void);
..\..\..\main.c: 5 warnings, 0 errors
compiling sh_ble.c...
..\..\..\inc\sh_ble.h(186): warning:  #1295-D: Deprecated declaration sh_ble_event_handler - give arg types
  extern void sh_ble_event_handler();
..\..\..\inc\sh_gpio.h(10): warning:  #1-D: last line of file ends without a newline
  extern void sh_gpio_init();
..\..\..\inc\sh_gpio.h(10): warning:  #1295-D: Deprecated declaration sh_gpio_init - give arg types
  extern void sh_gpio_init();
..\..\..\inc\sh_timer.h(9): warning:  #1295-D: Deprecated declaration sh_timer_init - give arg types
  extern void sh_timer_init();
..\..\..\inc\sh_timer.h(15): warning:  #1-D: last line of file ends without a newline
  extern void sh_start_timer(void);
..\..\..\sh_ble.c: 5 warnings, 0 errors
linking...
Program Size: Code=44932 RO-data=8432 RW-data=2080 ZI-data=12864  
FromELF: creating hex file...
".\_build\nrf52840_xxaa.axf" - 0 Error(s), 22 Warning(s).

<h2>Software Packages used:</h2>

Package Vendor: ARM
                http://www.keil.com/pack/ARM.CMSIS.5.6.0.pack
                ARM.CMSIS.5.6.0
                CMSIS (Cortex Microcontroller Software Interface Standard)
   * Component: CORE Version: 5.3.0

Package Vendor: NordicSemiconductor
                http://developer.nordicsemi.com/nRF5_SDK/pieces/nRF_DeviceFamilyPack/NordicSemiconductor.nRF_DeviceFamilyPack.8.32.1.pack
                NordicSemiconductor.nRF_DeviceFamilyPack.8.32.1
                Nordic Semiconductor nRF ARM devices Device Family Pack with BSD license.
   * Component: Startup Version: 8.32.1

<h2>Collection of Component include folders:</h2>
  .\RTE\_nrf52840_xxaa
  C:\Keil_v5\ARM\PACK\ARM\CMSIS\5.6.0\CMSIS\Core\Include
  C:\Keil_v5\ARM\PACK\NordicSemiconductor\nRF_DeviceFamilyPack\8.32.1\Device\Include

<h2>Collection of Component Files used:</h2>

   * Component: ARM::CMSIS:CORE:5.3.0

   * Component: NordicSemiconductor::Device:Startup:8.32.1
      Include file:  Device\Include\system_nrf52840.h
      Source file:   Device\Source\system_nrf52840.c
      Include file:  Device\Include\system_nrf.h
      Source file:   Device\Source\arm\arm_startup_nrf52840.s
Build Time Elapsed:  00:00:06
</pre>
</body>
</html>
