Component: ARM Compiler 5.06 update 6 (build 750) Tool: armlink [4d35ed]

==============================================================================

Section Cross References

    main.o(i.main) refers to nrf_pwr_mgmt.o(i.nrf_pwr_mgmt_init) for nrf_pwr_mgmt_init
    main.o(i.main) refers to sh_gpio.o(i.sh_gpio_init) for sh_gpio_init
    main.o(i.main) refers to sh_timer.o(i.sh_timer_init) for sh_timer_init
    main.o(i.main) refers to sh_ble.o(i.sh_ble_init) for sh_ble_init
    main.o(i.main) refers to sh_ble.o(i.sh_ble_event_handler) for sh_ble_event_handler
    main.o(i.main) refers to sh_timer.o(.data) for m_is_timer_send
    sh_ble.o(i.assert_nrf_callback) refers to app_error_handler_keil.o(.emb_text) for app_error_handler
    sh_ble.o(i.ble_evt_handler) refers to peer_manager_handler.o(i.pm_handler_secure_on_connection) for pm_handler_secure_on_connection
    sh_ble.o(i.ble_evt_handler) refers to nrf_log_frontend.o(i.nrf_log_frontend_std_0) for nrf_log_frontend_std_0
    sh_ble.o(i.ble_evt_handler) refers to bsp.o(i.bsp_indication_set) for bsp_indication_set
    sh_ble.o(i.ble_evt_handler) refers to nrf_ble_qwr.o(i.nrf_ble_qwr_conn_handle_assign) for nrf_ble_qwr_conn_handle_assign
    sh_ble.o(i.ble_evt_handler) refers to ble_db_discovery.o(i.ble_db_discovery_start) for ble_db_discovery_start
    sh_ble.o(i.ble_evt_handler) refers to nrf_log_frontend.o(log_const_data) for m_nrf_log_app_logs_data_const
    sh_ble.o(i.ble_evt_handler) refers to sh_ble.o(.bss) for .bss
    sh_ble.o(i.ble_evt_handler) refers to sh_ble.o(.data) for .data
    sh_ble.o(i.conn_params_error_handler) refers to app_error.o(i.app_error_handler_bare) for app_error_handler_bare
    sh_ble.o(i.db_disc_handler) refers to ble_ias_c.o(i.ble_ias_c_on_db_disc_evt) for ble_ias_c_on_db_disc_evt
    sh_ble.o(i.db_disc_handler) refers to sh_ble.o(.bss) for .bss
    sh_ble.o(i.ias_client_init) refers to ble_ias_c.o(i.ble_ias_c_init) for ble_ias_c_init
    sh_ble.o(i.ias_client_init) refers to sh_ble.o(i.on_ias_c_evt) for on_ias_c_evt
    sh_ble.o(i.ias_client_init) refers to sh_ble.o(i.service_error_handler) for service_error_handler
    sh_ble.o(i.ias_client_init) refers to sh_ble.o(.data) for .data
    sh_ble.o(i.ias_client_init) refers to sh_ble.o(.bss) for .bss
    sh_ble.o(i.on_ias_c_evt) refers to ble_ias_c.o(i.ble_ias_c_handles_assign) for ble_ias_c_handles_assign
    sh_ble.o(i.on_ias_c_evt) refers to sh_ble.o(.data) for .data
    sh_ble.o(i.on_ias_c_evt) refers to sh_ble.o(.bss) for .bss
    sh_ble.o(i.pm_evt_handler) refers to peer_manager_handler.o(i.pm_handler_on_pm_evt) for pm_handler_on_pm_evt
    sh_ble.o(i.pm_evt_handler) refers to peer_manager_handler.o(i.pm_handler_flash_clean) for pm_handler_flash_clean
    sh_ble.o(i.pm_evt_handler) refers to sh_ble.o(i.sh_advertising_start) for sh_advertising_start
    sh_ble.o(i.qwr_init) refers to nrf_ble_qwr.o(i.nrf_ble_qwr_init) for nrf_ble_qwr_init
    sh_ble.o(i.qwr_init) refers to sh_ble.o(i.nrf_qwr_error_handler) for nrf_qwr_error_handler
    sh_ble.o(i.qwr_init) refers to sh_ble.o(.bss) for .bss
    sh_ble.o(i.sh_advertising_init) refers to memseta.o(.text) for __aeabi_memclr4
    sh_ble.o(i.sh_advertising_init) refers to ble_advertising.o(i.ble_advertising_init) for ble_advertising_init
    sh_ble.o(i.sh_advertising_init) refers to ble_advertising.o(i.ble_advertising_conn_cfg_tag_set) for ble_advertising_conn_cfg_tag_set
    sh_ble.o(i.sh_advertising_init) refers to sh_ble.o(.data) for .data
    sh_ble.o(i.sh_advertising_init) refers to sh_ble.o(i.sh_on_adv_evt) for sh_on_adv_evt
    sh_ble.o(i.sh_advertising_init) refers to sh_ble.o(.bss) for .bss
    sh_ble.o(i.sh_advertising_start) refers to peer_manager.o(i.pm_peers_delete) for pm_peers_delete
    sh_ble.o(i.sh_advertising_start) refers to ble_advertising.o(i.ble_advertising_start) for ble_advertising_start
    sh_ble.o(i.sh_advertising_start) refers to sh_ble.o(.bss) for .bss
    sh_ble.o(i.sh_ble_event_handler) refers to ble_ias_c.o(i.ble_ias_c_send_alert_level) for ble_ias_c_send_alert_level
    sh_ble.o(i.sh_ble_event_handler) refers to sh_ble.o(.data) for .data
    sh_ble.o(i.sh_ble_event_handler) refers to sh_timer.o(.data) for m_is_timer_send
    sh_ble.o(i.sh_ble_event_handler) refers to sh_ble.o(.bss) for .bss
    sh_ble.o(i.sh_ble_init) refers to sh_ble.o(i.sh_ble_stack_init) for sh_ble_stack_init
    sh_ble.o(i.sh_ble_init) refers to sh_ble.o(i.sh_gap_params_init) for sh_gap_params_init
    sh_ble.o(i.sh_ble_init) refers to sh_ble.o(i.sh_gatt_init) for sh_gatt_init
    sh_ble.o(i.sh_ble_init) refers to sh_ble.o(i.sh_advertising_init) for sh_advertising_init
    sh_ble.o(i.sh_ble_init) refers to sh_ble.o(i.sh_db_discovery_init) for sh_db_discovery_init
    sh_ble.o(i.sh_ble_init) refers to sh_ble.o(i.sh_services_init) for sh_services_init
    sh_ble.o(i.sh_ble_init) refers to sh_ble.o(i.sh_conn_params_init) for sh_conn_params_init
[...]
    0x0002799c   0x0002799c   0x0000013c   Code   RO         2977    i._conn_secure      peer_manager_handler.o
    0x00027ad8   0x00027ad8   0x00000026   Code   RO         1932    i.addr_compare      id_manager.o
    0x00027afe   0x00027afe   0x0000000c   Code   RO         6275    i.addr_is_aligned32  nrf_fstorage.o
    0x00027b0a   0x00027b0a   0x00000018   Code   RO         6276    i.addr_is_within_bounds  nrf_fstorage.o
    0x00027b22   0x00027b22   0x00000010   Code   RO         1092    i.adv_set_data_size_max_get  ble_advertising.o
    0x00027b32   0x00027b32   0x00000036   Code   RO          858    i.advertising_buttons_configure  bsp_btn_ble.o
    0x00027b68   0x00027b68   0x00000052   Code   RO         1933    i.ah                id_manager.o
    0x00027bba   0x00027bba   0x00000002   PAD
    0x00027bbc   0x00027bbc   0x0000000c   Code   RO         3121    i.allow_repairing   security_dispatcher.o
    0x00027bc8   0x00027bc8   0x00000084   Code   RO         5008    i.app_error_fault_handler  app_error_weak.o
    0x00027c4c   0x00027c4c   0x00000016   Code   RO         4948    i.app_error_handler_bare  app_error.o
    0x00027c62   0x00027c62   0x00000002   PAD
    0x00027c64   0x00027c64   0x0000000c   Code   RO         5103    i.app_timer_cnt_get  app_timer2.o
    0x00027c70   0x00027c70   0x00000016   Code   RO         5104    i.app_timer_create  app_timer2.o
    0x00027c86   0x00027c86   0x00000002   PAD
    0x00027c88   0x00027c88   0x0000005c   Code   RO         5105    i.app_timer_init    app_timer2.o
    0x00027ce4   0x00027ce4   0x00000030   Code   RO         5108    i.app_timer_start   app_timer2.o
    0x00027d14   0x00027d14   0x0000000c   Code   RO         5109    i.app_timer_stop    app_timer2.o
    0x00027d20   0x00027d20   0x00000048   Code   RO         5244    i.app_util_critical_region_enter  app_util_platform.o
    0x00027d68   0x00027d68   0x00000034   Code   RO         5245    i.app_util_critical_region_exit  app_util_platform.o
    0x00027d9c   0x00027d9c   0x00000076   Code   RO         4361    i.apply_config      nrfx_uart.o
    0x00027e12   0x00027e12   0x00000076   Code   RO         4559    i.apply_config      nrfx_uarte.o
    0x00027e88   0x00027e88   0x00000004   Code   RO         1671    i.apply_pending_handle  gatt_cache_manager.o
    0x00027e8c   0x00027e8c   0x00000180   Code   RO         3122    i.auth_status_success_process  security_dispatcher.o
    0x0002800c   0x0002800c   0x00000182   Code   RO          986    i.ble_advdata_encode  ble_advdata.o
    0x0002818e   0x0002818e   0x00000020   Code   RO          988    i.ble_advdata_parse  ble_advdata.o
    0x000281ae   0x000281ae   0x00000046   Code   RO          989    i.ble_advdata_search  ble_advdata.o
    0x000281f4   0x000281f4   0x00000006   Code   RO         1094    i.ble_advertising_conn_cfg_tag_set  ble_advertising.o
    0x000281fa   0x000281fa   0x000000e8   Code   RO         1095    i.ble_advertising_init  ble_advertising.o
    0x000282e2   0x000282e2   0x0000006a   Code   RO         1097    i.ble_advertising_on_ble_evt  ble_advertising.o
    0x0002834c   0x0002834c   0x00000230   Code   RO         1100    i.ble_advertising_start  ble_advertising.o
    0x0002857c   0x0002857c   0x00000068   Code   RO         1185    i.ble_conn_params_init  ble_conn_params.o
    0x000285e4   0x000285e4   0x00000020   Code   RO         1261    i.ble_conn_state_encrypted  ble_conn_state.o
    0x00028604   0x00028604   0x0000002c   Code   RO         1263    i.ble_conn_state_for_each_set_user_flag  ble_conn_state.o
    0x00028630   0x00028630   0x00000020   Code   RO         1265    i.ble_conn_state_lesc  ble_conn_state.o
    0x00028650   0x00028650   0x00000020   Code   RO         1266    i.ble_conn_state_mitm_protected  ble_conn_state.o
    0x00028670   0x00028670   0x00000024   Code   RO         1269    i.ble_conn_state_role  ble_conn_state.o
    0x00028694   0x00028694   0x00000024   Code   RO         1270    i.ble_conn_state_status  ble_conn_state.o
    0x000286b8   0x000286b8   0x00000018   Code   RO         1271    i.ble_conn_state_user_flag_acquire  ble_conn_state.o
    0x000286d0   0x000286d0   0x00000030   Code   RO         1272    i.ble_conn_state_user_flag_get  ble_conn_state.o
    0x00028700   0x00028700   0x00000038   Code   RO         1273    i.ble_conn_state_user_flag_set  ble_conn_state.o
    0x00028738   0x00028738   0x00000014   Code   RO         1274    i.ble_conn_state_valid  ble_conn_state.o
    0x0002874c   0x0002874c   0x00000040   Code   RO         1429    i.ble_db_discovery_evt_register  ble_db_discovery.o
    0x0002878c   0x0002878c   0x00000024   Code   RO         1430    i.ble_db_discovery_init  ble_db_discovery.o
    0x000287b0   0x000287b0   0x0000005c   Code   RO         1431    i.ble_db_discovery_on_ble_evt  ble_db_discovery.o
    0x0002880c   0x0002880c   0x00000028   Code   RO         1432    i.ble_db_discovery_start  ble_db_discovery.o
    0x00028834   0x00028834   0x00000060   Code   RO          992    i.ble_device_addr_encode  ble_advdata.o
    0x00028894   0x00028894   0x000000a8   Code   RO          380    i.ble_evt_handler   sh_ble.o
    0x0002893c   0x0002893c   0x00000070   Code   RO          859    i.ble_evt_handler   bsp_btn_ble.o
    0x000289ac   0x000289ac   0x000000fc   Code   RO         1187    i.ble_evt_handler   ble_conn_params.o
    0x00028aa8   0x00028aa8   0x00000118   Code   RO         1275    i.ble_evt_handler   ble_conn_state.o
    0x00028bc0   0x00028bc0   0x00000028   Code   RO         2671    i.ble_evt_handler   peer_manager.o
    0x00028be8   0x00028be8   0x00000010   Code   RO         3437    i.ble_ias_c_handles_assign  ble_ias_c.o
    0x00028bf8   0x00028bf8   0x00000042   Code   RO         3438    i.ble_ias_c_init    ble_ias_c.o
    0x00028c3a   0x00028c3a   0x0000000a   Code   RO         3439    i.ble_ias_c_is_discovered  ble_ias_c.o
    0x00028c44   0x00028c44   0x0000002e   Code   RO         3440    i.ble_ias_c_on_ble_evt  ble_ias_c.o
    0x00028c72   0x00028c72   0x00000002   PAD
    0x00028c74   0x00028c74   0x00000084   Code   RO         3441    i.ble_ias_c_on_db_disc_evt  ble_ias_c.o
    0x00028cf8   0x00028cf8   0x00000050   Code   RO         3442    i.ble_ias_c_send_alert_level  ble_ias_c.o
    0x00028d48   0x00028d48   0x00000008   Code   RO         1553    i.ble_srv_is_notification_enabled  ble_srv_common.o
    0x00028d50   0x00028d50   0x0000000c   Code   RO          623    i.bsp_board_button_idx_to_pin  boards.o
    0x00028d5c   0x00028d5c   0x0000002c   Code   RO          627    i.bsp_board_led_invert  boards.o
    0x00028d88   0x00028d88   0x00000010   Code   RO          628    i.bsp_board_led_off  boards.o
    0x00028d98   0x00028d98   0x00000010   Code   RO          629    i.bsp_board_led_on  boards.o
    0x00028da8   0x00028da8   0x00000028   Code   RO          630    i.bsp_board_led_state_get  boards.o
    0x00028dd0   0x00028dd0   0x00000012   Code   RO          631    i.bsp_board_leds_off  boards.o
    0x00028de2   0x00028de2   0x00000012   Code   RO          632    i.bsp_board_leds_on  boards.o
    0x00028df4   0x00028df4   0x00000024   Code   RO          633    i.bsp_board_pin_to_button_idx  boards.o
    0x00028e18   0x00028e18   0x0000001e   Code   RO          861    i.bsp_btn_ble_sleep_mode_prepare  bsp_btn_ble.o
    0x00028e36   0x00028e36   0x00000002   PAD
    0x00028e38   0x00028e38   0x00000090   Code   RO          742    i.bsp_button_event_handler  bsp.o
    0x00028ec8   0x00028ec8   0x00000044   Code   RO          746    i.bsp_event_to_button_action_assign  bsp.o
    0x00028f0c   0x00028f0c   0x00000018   Code   RO          747    i.bsp_indication_set  bsp.o
    0x00028f24   0x00028f24   0x000001c8   Code   RO          749    i.bsp_led_indication  bsp.o
    0x000290ec   0x000290ec   0x00000006   Code   RO          751    i.bsp_wakeup_button_enable  bsp.o
    0x000290f2   0x000290f2   0x00000002   PAD
    0x000290f4   0x000290f4   0x00000094   Code   RO         7094    i.buf_prealloc      nrf_log_frontend.o
    0x00029188   0x00029188   0x0000002e   Code   RO         6235    i.buffer_add        nrf_fprintf_format.o
    0x000291b6   0x000291b6   0x00000002   PAD
    0x000291b8   0x000291b8   0x00000018   Code   RO         7095    i.buffer_is_empty   nrf_log_frontend.o
    0x000291d0   0x000291d0   0x00000028   Code   RO         1672    i.car_update_needed  gatt_cache_manager.o
    0x000291f8   0x000291f8   0x00000040   Code   RO         1673    i.car_update_pending_handle  gatt_cache_manager.o
    0x00029238   0x00029238   0x0000001c   Code   RO         3983    i.channel_free      nrfx_gpiote.o
    0x00029254   0x00029254   0x00000048   Code   RO         3984    i.channel_port_alloc  nrfx_gpiote.o
    0x0002929c   0x0002929c   0x00000010   Code   RO         3985    i.channel_port_get  nrfx_gpiote.o
    0x000292ac   0x000292ac   0x0000006c   Code   RO         1433    i.characteristics_discover  ble_db_discovery.o
    0x00029318   0x00029318   0x0000003e   Code   RO         2581    i.claim             peer_id.o
    0x00029356   0x00029356   0x00000002   PAD
    0x00029358   0x00029358   0x00000028   Code   RO         3498    i.clock_clk_started_notify  nrf_drv_clock.o
    0x00029380   0x00029380   0x0000001c   Code   RO         3499    i.clock_irq_handler  nrf_drv_clock.o
    0x0002939c   0x0002939c   0x00000018   Code   RO         5111    i.compare_func      app_timer2.o
    0x000293b4   0x000293b4   0x0000001e   Code   RO         2200    i.conn_handle_id_find  nrf_ble_gq.o
    0x000293d2   0x000293d2   0x0000003e   Code   RO         1276    i.conn_handle_list_get  ble_conn_state.o
    0x00029410   0x00029410   0x00000088   Code   RO          993    i.conn_int_encode   ble_advdata.o
    0x00029498   0x00029498   0x00000004   Code   RO          381    i.conn_params_error_handler  sh_ble.o
    0x0002949c   0x0002949c   0x00000048   Code   RO         1188    i.conn_params_negotiation  ble_conn_params.o
    0x000294e4   0x000294e4   0x00000044   Code   RO         3123    i.conn_sec_failure  security_dispatcher.o
    0x00029528   0x00029528   0x00000004   Code   RO         2978    i.conn_secure       peer_manager_handler.o
    0x0002952c   0x0002952c   0x000000c0   Code   RO         2098    i.data_length_update  nrf_ble_gatt.o
    0x000295ec   0x000295ec   0x0000000c   Code   RO          382    i.db_disc_handler   sh_ble.o
    0x000295f8   0x000295f8   0x00000030   Code   RO         1674    i.db_update_pending_handle  gatt_cache_manager.o
    0x00029628   0x00029628   0x0000008c   Code   RO         5520    i.delete_execute    fds.o
    0x000296b4   0x000296b4   0x000000b8   Code   RO         1434    i.descriptors_discover  ble_db_discovery.o
    0x0002976c   0x0002976c   0x00000030   Code   RO         1435    i.discovery_available_evt_trigger  ble_db_discovery.o
    0x0002979c   0x0002979c   0x000000b4   Code   RO         1436    i.discovery_complete_evt_trigger  ble_db_discovery.o
    0x00029850   0x00029850   0x00000050   Code   RO         1437    i.discovery_error_handler  ble_db_discovery.o
    0x000298a0   0x000298a0   0x0000007c   Code   RO         1438    i.discovery_start   ble_db_discovery.o
    0x0002991c   0x0002991c   0x00000014   Code   RO         7096    i.dropped_sat16_get  nrf_log_frontend.o
    0x00029930   0x00029930   0x00000014   Code   RO         5352    i.drv_rtc_compare_disable  drv_rtc.o
    0x00029944   0x00029944   0x0000000e   Code   RO         5355    i.drv_rtc_compare_pending  drv_rtc.o
    0x00029952   0x00029952   0x00000050   Code   RO         5356    i.drv_rtc_compare_set  drv_rtc.o
    0x000299a2   0x000299a2   0x00000008   Code   RO         5357    i.drv_rtc_counter_get  drv_rtc.o
    0x000299aa   0x000299aa   0x00000002   PAD
    0x000299ac   0x000299ac   0x000000d8   Code   RO         5358    i.drv_rtc_init      drv_rtc.o
    0x00029a84   0x00029a84   0x0000001e   Code   RO         5359    i.drv_rtc_irq_trigger  drv_rtc.o
    0x00029aa2   0x00029aa2   0x00000008   Code   RO         5361    i.drv_rtc_overflow_enable  drv_rtc.o
    0x00029aaa   0x00029aaa   0x00000008   Code   RO         5362    i.drv_rtc_overflow_pending  drv_rtc.o
    0x00029ab2   0x00029ab2   0x00000008   Code   RO         5363    i.drv_rtc_start     drv_rtc.o
    0x00029aba   0x00029aba   0x00000008   Code   RO         5364    i.drv_rtc_stop      drv_rtc.o
    0x00029ac2   0x00029ac2   0x000000de   Code   RO         5369    i.drv_rtc_windowed_compare_set  drv_rtc.o
    0x00029ba0   0x00029ba0   0x0000000a   Code   RO         3124    i.encryption_failure  security_dispatcher.o
    0x00029baa   0x00029baa   0x00000002   PAD
    0x00029bac   0x00029bac   0x0000004c   Code   RO         6362    i.erase             nrf_fstorage_sd.o
    0x00029bf8   0x00029bf8   0x00000074   Code   RO         5521    i.event_prepare     fds.o
    0x00029c6c   0x00029c6c   0x00000020   Code   RO         5522    i.event_send        fds.o
    0x00029c8c   0x00029c8c   0x00000054   Code   RO         6363    i.event_send        nrf_fstorage_sd.o
    0x00029ce0   0x00029ce0   0x00000098   Code   RO         3262    i.events_send_from_err_code  security_manager.o
    0x00029d78   0x00029d78   0x00000012   Code   RO         5370    i.evt_enable        drv_rtc.o
    0x00029d8a   0x00029d8a   0x00000014   Code   RO         5371    i.evt_pending       drv_rtc.o
    0x00029d9e   0x00029d9e   0x00000002   PAD
    0x00029da0   0x00029da0   0x0000001c   Code   RO         1675    i.evt_send          gatt_cache_manager.o
    0x00029dbc   0x00029dbc   0x0000001c   Code   RO         1837    i.evt_send          gatts_cache_manager.o
    0x00029dd8   0x00029dd8   0x0000002c   Code   RO         2672    i.evt_send          peer_manager.o
    0x00029e04   0x00029e04   0x0000001c   Code   RO         3125    i.evt_send          security_dispatcher.o
    0x00029e20   0x00029e20   0x0000000c   Code   RO         3263    i.evt_send          security_manager.o
    0x00029e2c   0x00029e2c   0x000000e0   Code   RO         2322    i.fds_evt_handler   peer_data_storage.o
    0x00029f0c   0x00029f0c   0x00000048   Code   RO         5524    i.fds_file_delete   fds.o
    0x00029f54   0x00029f54   0x00000040   Code   RO         5525    i.fds_gc            fds.o
    0x00029f94   0x00029f94   0x000000e4   Code   RO         5526    i.fds_init          fds.o
    0x0002a078   0x0002a078   0x00000048   Code   RO         5527    i.fds_record_close  fds.o
    0x0002a0c0   0x0002a0c0   0x0000000e   Code   RO         5529    i.fds_record_find   fds.o
    0x0002a0ce   0x0002a0ce   0x00000010   Code   RO         5530    i.fds_record_find_by_key  fds.o
    0x0002a0de   0x0002a0de   0x00000010   Code   RO         5531    i.fds_record_find_in_file  fds.o
    0x0002a0ee   0x0002a0ee   0x00000012   Code   RO         5532    i.fds_record_id_from_desc  fds.o
    0x0002a100   0x0002a100   0x0000004c   Code   RO         5534    i.fds_record_open   fds.o
    0x0002a14c   0x0002a14c   0x00000010   Code   RO         5535    i.fds_record_update  fds.o
    0x0002a15c   0x0002a15c   0x00000008   Code   RO         5536    i.fds_record_write  fds.o
    0x0002a164   0x0002a164   0x00000030   Code   RO         5538    i.fds_register      fds.o
    0x0002a194   0x0002a194   0x000000a0   Code   RO         5541    i.fds_stat          fds.o
    0x0002a234   0x0002a234   0x00000014   Code   RO         2323    i.file_id_within_pm_range  peer_data_storage.o
    0x0002a248   0x0002a248   0x00000012   Code   RO         3126    i.flag_id_init      security_dispatcher.o
    0x0002a25a   0x0002a25a   0x00000012   Code   RO         3264    i.flag_id_init      security_manager.o
    0x0002a26c   0x0002a26c   0x0000000a   Code   RO         1277    i.flag_toggle       ble_conn_state.o
    0x0002a276   0x0002a276   0x00000028   Code   RO         1102    i.flags_set         ble_advertising.o
    0x0002a29e   0x0002a29e   0x00000002   PAD
    0x0002a2a0   0x0002a2a0   0x00000030   Code   RO         3265    i.flags_set_from_err_code  security_manager.o
    0x0002a2d0   0x0002a2d0   0x00000030   Code   RO         1278    i.for_each_set_flag  ble_conn_state.o
    0x0002a300   0x0002a300   0x00000006   Code   RO         5542    i.fs_event_handler  fds.o
    0x0002a306   0x0002a306   0x0000000a   Code   RO         3443    i.gatt_error_handler  ble_ias_c.o
    0x0002a310   0x0002a310   0x0000002c   Code   RO         2201    i.gattc_write_alloc  nrf_ble_gq.o
    0x0002a33c   0x0002a33c   0x0000003e   Code   RO         2202    i.gatts_hvx_alloc   nrf_ble_gq.o
    0x0002a37a   0x0002a37a   0x00000002   PAD
    0x0002a37c   0x0002a37c   0x00000080   Code   RO         5543    i.gc_execute        fds.o
    0x0002a3fc   0x0002a3fc   0x0000004c   Code   RO         5544    i.gc_next_page      fds.o
    0x0002a448   0x0002a448   0x00000040   Code   RO         5545    i.gc_page_erase     fds.o
    0x0002a488   0x0002a488   0x00000034   Code   RO         5546    i.gc_record_copy    fds.o
    0x0002a4bc   0x0002a4bc   0x00000024   Code   RO         5547    i.gc_record_find_next  fds.o
    0x0002a4e0   0x0002a4e0   0x00000070   Code   RO         5548    i.gc_state_advance  fds.o
    0x0002a550   0x0002a550   0x00000030   Code   RO         5549    i.gc_swap_pages     fds.o
    0x0002a580   0x0002a580   0x00000230   Code   RO         1676    i.gcm_ble_evt_handler  gatt_cache_manager.o
    0x0002a7b0   0x0002a7b0   0x0000003c   Code   RO         1677    i.gcm_im_evt_handler  gatt_cache_manager.o
    0x0002a7ec   0x0002a7ec   0x00000094   Code   RO         1678    i.gcm_init          gatt_cache_manager.o
    0x0002a880   0x0002a880   0x00000088   Code   RO         1681    i.gcm_pdb_evt_handler  gatt_cache_manager.o
    0x0002a908   0x0002a908   0x00000034   Code   RO         5112    i.get_now           app_timer2.o
    0x0002a93c   0x0002a93c   0x0000001c   Code   RO         1838    i.gscm_db_change_notification_done  gatts_cache_manager.o
    0x0002a958   0x0002a958   0x00000014   Code   RO         1839    i.gscm_init         gatts_cache_manager.o
    0x0002a96c   0x0002a96c   0x00000090   Code   RO         1841    i.gscm_local_db_cache_apply  gatts_cache_manager.o
    0x0002a9fc   0x0002a9fc   0x000000ac   Code   RO         1842    i.gscm_local_db_cache_update  gatts_cache_manager.o
    0x0002aaa8   0x0002aaa8   0x00000018   Code   RO         1843    i.gscm_pdb_evt_handler  gatts_cache_manager.o
    0x0002aac0   0x0002aac0   0x0000001e   Code   RO         1844    i.gscm_service_changed_ind_needed  gatts_cache_manager.o
    0x0002aade   0x0002aade   0x00000002   PAD
    0x0002aae0   0x0002aae0   0x0000005c   Code   RO         1845    i.gscm_service_changed_ind_send  gatts_cache_manager.o
    0x0002ab3c   0x0002ab3c   0x0000002c   Code   RO         5550    i.header_check      fds.o
    0x0002ab68   0x0002ab68   0x00000012   Code   RO         5551    i.header_has_next   fds.o
    0x0002ab7a   0x0002ab7a   0x00000002   PAD
    0x0002ab7c   0x0002ab7c   0x00000028   Code   RO          383    i.ias_client_init   sh_ble.o
    0x0002aba4   0x0002aba4   0x00000046   Code   RO         1934    i.im_address_resolve  id_manager.o
    0x0002abea   0x0002abea   0x00000002   PAD
    0x0002abec   0x0002abec   0x00000038   Code   RO         1935    i.im_ble_addr_get   id_manager.o
    0x0002ac24   0x0002ac24   0x000000dc   Code   RO         1936    i.im_ble_evt_handler  id_manager.o
    0x0002ad00   0x0002ad00   0x00000040   Code   RO         1937    i.im_conn_handle_get  id_manager.o
    0x0002ad40   0x0002ad40   0x00000038   Code   RO         1939    i.im_find_duplicate_bonding_data  id_manager.o
    0x0002ad78   0x0002ad78   0x00000072   Code   RO         1942    i.im_is_duplicate_bonding_data  id_manager.o
    0x0002adea   0x0002adea   0x00000018   Code   RO         1943    i.im_master_id_is_valid  id_manager.o
    0x0002ae02   0x0002ae02   0x0000002a   Code   RO         1944    i.im_master_ids_compare  id_manager.o
    0x0002ae2c   0x0002ae2c   0x00000014   Code   RO         1945    i.im_new_peer_id    id_manager.o
    0x0002ae40   0x0002ae40   0x0000002c   Code   RO         1946    i.im_peer_free      id_manager.o
    0x0002ae6c   0x0002ae6c   0x00000024   Code   RO         1947    i.im_peer_id_get_by_conn_handle  id_manager.o
    0x0002ae90   0x0002ae90   0x0000003c   Code   RO         1948    i.im_peer_id_get_by_master_id  id_manager.o
    0x0002aecc   0x0002aecc   0x00000034   Code   RO         6364    i.init              nrf_fstorage_sd.o
    0x0002af00   0x0002af00   0x000000c8   Code   RO         5552    i.init_execute      fds.o
    0x0002afc8   0x0002afc8   0x00000014   Code   RO         1189    i.instance_get      ble_conn_params.o
    0x0002afdc   0x0002afdc   0x000000a6   Code   RO         6236    i.int_print         nrf_fprintf_format.o
    0x0002b082   0x0002b082   0x00000002   PAD
    0x0002b084   0x0002b084   0x00000088   Code   RO         4560    i.interrupts_enable  nrfx_uarte.o
    0x0002b10c   0x0002b10c   0x00000034   Code   RO         7097    i.invalid_packets_omit  nrf_log_frontend.o
    0x0002b140   0x0002b140   0x00000010   Code   RO         6365    i.is_busy           nrf_fstorage_sd.o
    0x0002b150   0x0002b150   0x00000044   Code   RO         1190    i.is_conn_params_ok  ble_conn_params.o
    0x0002b194   0x0002b194   0x0000004c   Code   RO         1439    i.is_desc_discovery_reqd  ble_db_discovery.o
    0x0002b1e0   0x0002b1e0   0x00000014   Code   RO         1953    i.is_valid_irk      id_manager.o
    0x0002b1f4   0x0002b1f4   0x0000000c   Code   RO         5553    i.is_word_aligned   fds.o
    0x0002b200   0x0002b200   0x00000030   Code   RO          753    i.leds_off          bsp.o
    0x0002b230   0x0002b230   0x00000014   Code   RO         2099    i.link_init         nrf_ble_gatt.o
    0x0002b244   0x0002b244   0x000000d0   Code   RO         3266    i.link_secure       security_manager.o
    0x0002b314   0x0002b314   0x0000003c   Code   RO         3127    i.link_secure_failure  security_dispatcher.o
    0x0002b350   0x0002b350   0x0000002c   Code   RO         3267    i.link_secure_pending_handle  security_manager.o
    0x0002b37c   0x0002b37c   0x000000a8   Code   RO         1682    i.local_db_apply_in_evt  gatt_cache_manager.o
    0x0002b424   0x0002b424   0x00000010   Code   RO         1683    i.local_db_update   gatt_cache_manager.o
    0x0002b434   0x0002b434   0x0000010c   Code   RO         1684    i.local_db_update_in_evt  gatt_cache_manager.o
    0x0002b540   0x0002b540   0x000000a4   Code   RO         7098    i.log_skip          nrf_log_frontend.o
    0x0002b5e4   0x0002b5e4   0x00000024   Code   RO            4    i.main              main.o
    0x0002b608   0x0002b608   0x00000064   Code   RO          994    i.manuf_specific_data_encode  ble_advdata.o
    0x0002b66c   0x0002b66c   0x0000007e   Code   RO         6474    i.memobj_op         nrf_memobj.o
    0x0002b6ea   0x0002b6ea   0x00000002   PAD
    0x0002b6ec   0x0002b6ec   0x00000030   Code   RO         7099    i.module_idx_get    nrf_log_frontend.o
    0x0002b71c   0x0002b71c   0x00000008   Code   RO         3074    i.mutex_lock_status_get  pm_buffer.o
    0x0002b724   0x0002b724   0x000000a6   Code   RO          995    i.name_encode       ble_advdata.o
    0x0002b7ca   0x0002b7ca   0x00000002   PAD
    0x0002b7cc   0x0002b7cc   0x00000014   Code   RO         3268    i.new_context_get   security_manager.o
    0x0002b7e0   0x0002b7e0   0x00000032   Code   RO         3269    i.new_evt           security_manager.o
    0x0002b812   0x0002b812   0x00000030   Code   RO         2582    i.next_id_get       peer_id.o
    0x0002b842   0x0002b842   0x00000010   Code   RO         5889    i.nrf_atfifo_clear  nrf_atfifo.o
    0x0002b852   0x0002b852   0x00000026   Code   RO         5891    i.nrf_atfifo_init   nrf_atfifo.o
    0x0002b878   0x0002b878   0x00000016   Code   RO         5892    i.nrf_atfifo_item_alloc  nrf_atfifo.o
    0x0002b88e   0x0002b88e   0x00000016   Code   RO         5893    i.nrf_atfifo_item_free  nrf_atfifo.o
    0x0002b8a4   0x0002b8a4   0x00000016   Code   RO         5894    i.nrf_atfifo_item_get  nrf_atfifo.o
    0x0002b8ba   0x0002b8ba   0x00000016   Code   RO         5895    i.nrf_atfifo_item_put  nrf_atfifo.o
    0x0002b8d0   0x0002b8d0   0x00000016   Code   RO         5957    i.nrf_atflags_clear  nrf_atflags.o
    0x0002b8e6   0x0002b8e6   0x00000020   Code   RO         5959    i.nrf_atflags_fetch_set  nrf_atflags.o
    0x0002b906   0x0002b906   0x0000004a   Code   RO         5961    i.nrf_atflags_find_and_set_flag  nrf_atflags.o
    0x0002b950   0x0002b950   0x00000016   Code   RO         5962    i.nrf_atflags_get   nrf_atflags.o
    0x0002b966   0x0002b966   0x00000014   Code   RO         5964    i.nrf_atflags_set   nrf_atflags.o
    0x0002b97a   0x0002b97a   0x00000006   Code   RO         6025    i.nrf_atomic_flag_clear_fetch  nrf_atomic.o
    0x0002b980   0x0002b980   0x00000006   Code   RO         6026    i.nrf_atomic_flag_set  nrf_atomic.o
    0x0002b986   0x0002b986   0x00000006   Code   RO         6027    i.nrf_atomic_flag_set_fetch  nrf_atomic.o
    0x0002b98c   0x0002b98c   0x0000000c   Code   RO         6028    i.nrf_atomic_u32_add  nrf_atomic.o
    0x0002b998   0x0002b998   0x0000000c   Code   RO         6029    i.nrf_atomic_u32_and  nrf_atomic.o
    0x0002b9a4   0x0002b9a4   0x0000000a   Code   RO         6031    i.nrf_atomic_u32_fetch_add  nrf_atomic.o
    0x0002b9ae   0x0002b9ae   0x0000000a   Code   RO         6032    i.nrf_atomic_u32_fetch_and  nrf_atomic.o
    0x0002b9b8   0x0002b9b8   0x0000000a   Code   RO         6033    i.nrf_atomic_u32_fetch_or  nrf_atomic.o
    0x0002b9c2   0x0002b9c2   0x0000000a   Code   RO         6034    i.nrf_atomic_u32_fetch_store  nrf_atomic.o
    0x0002b9cc   0x0002b9cc   0x0000000c   Code   RO         6038    i.nrf_atomic_u32_or  nrf_atomic.o
    0x0002b9d8   0x0002b9d8   0x0000000c   Code   RO         6040    i.nrf_atomic_u32_sub  nrf_atomic.o
    0x0002b9e4   0x0002b9e4   0x00000044   Code   RO         6159    i.nrf_balloc_alloc  nrf_balloc.o
    0x0002ba28   0x0002ba28   0x00000030   Code   RO         6160    i.nrf_balloc_free   nrf_balloc.o
    0x0002ba58   0x0002ba58   0x00000030   Code   RO         6161    i.nrf_balloc_init   nrf_balloc.o
    0x0002ba88   0x0002ba88   0x00000010   Code   RO         3986    i.nrf_bitmask_bit_is_set  nrfx_gpiote.o
    0x0002ba98   0x0002ba98   0x00000022   Code   RO         2105    i.nrf_ble_gatt_init  nrf_ble_gatt.o
    0x0002baba   0x0002baba   0x00000002   PAD
    0x0002babc   0x0002babc   0x00000150   Code   RO         2106    i.nrf_ble_gatt_on_ble_evt  nrf_ble_gatt.o
    0x0002bc0c   0x0002bc0c   0x0000006e   Code   RO         2203    i.nrf_ble_gq_conn_handle_register  nrf_ble_gq.o
    0x0002bc7a   0x0002bc7a   0x00000002   PAD
    0x0002bc7c   0x0002bc7c   0x000000a0   Code   RO         2204    i.nrf_ble_gq_item_add  nrf_ble_gq.o
    0x0002bd1c   0x0002bd1c   0x00000060   Code   RO         2205    i.nrf_ble_gq_on_ble_evt  nrf_ble_gq.o
    0x0002bd7c   0x0002bd7c   0x00000016   Code   RO         2281    i.nrf_ble_qwr_conn_handle_assign  nrf_ble_qwr.o
    0x0002bd92   0x0002bd92   0x00000024   Code   RO         2282    i.nrf_ble_qwr_init  nrf_ble_qwr.o
    0x0002bdb6   0x0002bdb6   0x000000b6   Code   RO         2283    i.nrf_ble_qwr_on_ble_evt  nrf_ble_qwr.o
    0x0002be6c   0x0002be6c   0x0000000e   Code   RO         3844    i.nrf_clock_event_check  nrfx_clock.o
    0x0002be7a   0x0002be7a   0x00000010   Code   RO         3845    i.nrf_clock_event_clear  nrfx_clock.o
    0x0002be8a   0x0002be8a   0x00000002   PAD
    0x0002be8c   0x0002be8c   0x00000040   Code   RO         3506    i.nrf_drv_clock_init  nrf_drv_clock.o
    0x0002becc   0x0002becc   0x00000034   Code   RO         3510    i.nrf_drv_clock_lfclk_release  nrf_drv_clock.o
    0x0002bf00   0x0002bf00   0x00000068   Code   RO         3652    i.nrf_drv_uart_init  nrf_drv_uart.o
    0x0002bf68   0x0002bf68   0x0000001a   Code   RO         6196    i.nrf_fprintf       nrf_fprintf.o
    0x0002bf82   0x0002bf82   0x00000018   Code   RO         6197    i.nrf_fprintf_buffer_flush  nrf_fprintf.o
    0x0002bf9a   0x0002bf9a   0x000001da   Code   RO         6237    i.nrf_fprintf_fmt   nrf_fprintf_format.o
    0x0002c174   0x0002c174   0x00000138   Code   RO         6277    i.nrf_fstorage_erase  nrf_fstorage.o
    0x0002c2ac   0x0002c2ac   0x00000094   Code   RO         6278    i.nrf_fstorage_init  nrf_fstorage.o
    0x0002c340   0x0002c340   0x00000018   Code   RO         6366    i.nrf_fstorage_sdh_req_handler  nrf_fstorage_sd.o
    0x0002c358   0x0002c358   0x00000020   Code   RO         6367    i.nrf_fstorage_sdh_state_handler  nrf_fstorage_sd.o
    0x0002c378   0x0002c378   0x000000a4   Code   RO         6368    i.nrf_fstorage_sys_evt_handler  nrf_fstorage_sd.o
    0x0002c41c   0x0002c41c   0x000001dc   Code   RO         6284    i.nrf_fstorage_write  nrf_fstorage.o
    0x0002c5f8   0x0002c5f8   0x00000032   Code   RO         3987    i.nrf_gpio_cfg      nrfx_gpiote.o
    0x0002c62a   0x0002c62a   0x00000032   Code   RO         4362    i.nrf_gpio_cfg      nrfx_uart.o
    0x0002c65c   0x0002c65c   0x00000032   Code   RO         4561    i.nrf_gpio_cfg      nrfx_uarte.o
    0x0002c68e   0x0002c68e   0x00000012   Code   RO         4363    i.nrf_gpio_cfg_default  nrfx_uart.o
    0x0002c6a0   0x0002c6a0   0x00000012   Code   RO         4562    i.nrf_gpio_cfg_default  nrfx_uarte.o
    0x0002c6b2   0x0002c6b2   0x00000012   Code   RO         4364    i.nrf_gpio_cfg_input  nrfx_uart.o
    0x0002c6c4   0x0002c6c4   0x00000012   Code   RO         4563    i.nrf_gpio_cfg_input  nrfx_uarte.o
    0x0002c6d6   0x0002c6d6   0x00000014   Code   RO         4365    i.nrf_gpio_cfg_output  nrfx_uart.o
    0x0002c6ea   0x0002c6ea   0x00000014   Code   RO         4564    i.nrf_gpio_cfg_output  nrfx_uarte.o
    0x0002c6fe   0x0002c6fe   0x00000030   Code   RO         3989    i.nrf_gpio_cfg_sense_set  nrfx_gpiote.o
    0x0002c72e   0x0002c72e   0x00000002   PAD
    0x0002c730   0x0002c730   0x00000030   Code   RO         3990    i.nrf_gpio_latches_read_and_clear  nrfx_gpiote.o
    0x0002c760   0x0002c760   0x0000001c   Code   RO          636    i.nrf_gpio_pin_port_decode  boards.o
    0x0002c77c   0x0002c77c   0x0000001c   Code   RO         3992    i.nrf_gpio_pin_port_decode  nrfx_gpiote.o
    0x0002c798   0x0002c798   0x0000001c   Code   RO         4366    i.nrf_gpio_pin_port_decode  nrfx_uart.o
    0x0002c7b4   0x0002c7b4   0x0000001c   Code   RO         4565    i.nrf_gpio_pin_port_decode  nrfx_uarte.o
    0x0002c7d0   0x0002c7d0   0x0000002c   Code   RO         3993    i.nrf_gpio_pin_present_check  nrfx_gpiote.o
    0x0002c7fc   0x0002c7fc   0x00000016   Code   RO         3994    i.nrf_gpio_pin_read  nrfx_gpiote.o
    0x0002c812   0x0002c812   0x00000014   Code   RO         4367    i.nrf_gpio_pin_set  nrfx_uart.o
    0x0002c826   0x0002c826   0x00000014   Code   RO         4566    i.nrf_gpio_pin_set  nrfx_uarte.o
    0x0002c83a   0x0002c83a   0x00000026   Code   RO          637    i.nrf_gpio_pin_write  boards.o
    0x0002c860   0x0002c860   0x00000014   Code   RO         3996    i.nrf_gpiote_event_clear  nrfx_gpiote.o
    0x0002c874   0x0002c874   0x00000010   Code   RO         3997    i.nrf_gpiote_event_is_set  nrfx_gpiote.o
    0x0002c884   0x0002c884   0x000000c8   Code   RO         6945    i.nrf_log_backend_serial_put  nrf_log_backend_serial.o
    0x0002c94c   0x0002c94c   0x00000002   Code   RO         6985    i.nrf_log_backend_uart_flush  nrf_log_backend_uart.o
    0x0002c94e   0x0002c94e   0x00000002   PAD
    0x0002c950   0x0002c950   0x0000002c   Code   RO         6987    i.nrf_log_backend_uart_panic_set  nrf_log_backend_uart.o
    0x0002c97c   0x0002c97c   0x00000018   Code   RO         6988    i.nrf_log_backend_uart_put  nrf_log_backend_uart.o
    0x0002c994   0x0002c994   0x00000030   Code   RO         7102    i.nrf_log_color_id_get  nrf_log_frontend.o
    0x0002c9c4   0x0002c9c4   0x00000238   Code   RO         7103    i.nrf_log_frontend_dequeue  nrf_log_frontend.o
    0x0002cbfc   0x0002cbfc   0x00000008   Code   RO         7105    i.nrf_log_frontend_std_0  nrf_log_frontend.o
    0x0002cc04   0x0002cc04   0x0000000e   Code   RO         7106    i.nrf_log_frontend_std_1  nrf_log_frontend.o
    0x0002cc12   0x0002cc12   0x00000010   Code   RO         7107    i.nrf_log_frontend_std_2  nrf_log_frontend.o
    0x0002cc22   0x0002cc22   0x00000012   Code   RO         7108    i.nrf_log_frontend_std_3  nrf_log_frontend.o
    0x0002cc34   0x0002cc34   0x00000014   Code   RO         7109    i.nrf_log_frontend_std_4  nrf_log_frontend.o
    0x0002cc48   0x0002cc48   0x000000b0   Code   RO         7281    i.nrf_log_hexdump_entry_process  nrf_log_str_formatter.o
    0x0002ccf8   0x0002ccf8   0x00000014   Code   RO         7113    i.nrf_log_module_cnt_get  nrf_log_frontend.o
    0x0002cd0c   0x0002cd0c   0x0000001c   Code   RO         7116    i.nrf_log_module_name_get  nrf_log_frontend.o
    0x0002cd28   0x0002cd28   0x00000028   Code   RO         7117    i.nrf_log_panic     nrf_log_frontend.o
    0x0002cd50   0x0002cd50   0x000000b6   Code   RO         7282    i.nrf_log_std_entry_process  nrf_log_str_formatter.o
    0x0002ce06   0x0002ce06   0x00000060   Code   RO         6475    i.nrf_memobj_alloc  nrf_memobj.o
    0x0002ce66   0x0002ce66   0x00000032   Code   RO         6476    i.nrf_memobj_free   nrf_memobj.o
    0x0002ce98   0x0002ce98   0x00000008   Code   RO         6477    i.nrf_memobj_get    nrf_memobj.o
    0x0002cea0   0x0002cea0   0x00000004   Code   RO         6478    i.nrf_memobj_pool_init  nrf_memobj.o
    0x0002cea4   0x0002cea4   0x0000001e   Code   RO         6479    i.nrf_memobj_put    nrf_memobj.o
    0x0002cec2   0x0002cec2   0x00000010   Code   RO         6480    i.nrf_memobj_read   nrf_memobj.o
    0x0002ced2   0x0002ced2   0x00000010   Code   RO         6481    i.nrf_memobj_write  nrf_memobj.o
    0x0002cee2   0x0002cee2   0x00000002   PAD
    0x0002cee4   0x0002cee4   0x00000028   Code   RO         6553    i.nrf_pwr_mgmt_init  nrf_pwr_mgmt.o
    0x0002cf0c   0x0002cf0c   0x0000008e   Code   RO         6624    i.nrf_queue_generic_pop  nrf_queue.o
    0x0002cf9a   0x0002cf9a   0x00000012   Code   RO         6626    i.nrf_queue_is_empty  nrf_queue.o
    0x0002cfac   0x0002cfac   0x0000001e   Code   RO         6627    i.nrf_queue_is_full  nrf_queue.o
    0x0002cfca   0x0002cfca   0x0000000e   Code   RO         6630    i.nrf_queue_next_idx  nrf_queue.o
    0x0002cfd8   0x0002cfd8   0x000000b2   Code   RO         6632    i.nrf_queue_push    nrf_queue.o
    0x0002d08a   0x0002d08a   0x00000002   Code   RO          384    i.nrf_qwr_error_handler  sh_ble.o
    0x0002d08c   0x0002d08c   0x0000000c   Code   RO         5372    i.nrf_rtc_event_clear  drv_rtc.o
    0x0002d098   0x0002d098   0x00000014   Code   RO         7813    i.nrf_sdh_ble_app_ram_start_get  nrf_sdh_ble.o
    0x0002d0ac   0x0002d0ac   0x00000100   Code   RO         7814    i.nrf_sdh_ble_default_cfg_set  nrf_sdh_ble.o
    0x0002d1ac   0x0002d1ac   0x00000130   Code   RO         7815    i.nrf_sdh_ble_enable  nrf_sdh_ble.o
    0x0002d2dc   0x0002d2dc   0x0000005c   Code   RO         7816    i.nrf_sdh_ble_evts_poll  nrf_sdh_ble.o
    0x0002d338   0x0002d338   0x00000054   Code   RO         7694    i.nrf_sdh_disable_request  nrf_sdh.o
    0x0002d38c   0x0002d38c   0x00000074   Code   RO         7695    i.nrf_sdh_enable_request  nrf_sdh.o
    0x0002d400   0x0002d400   0x00000024   Code   RO         7696    i.nrf_sdh_evts_poll  nrf_sdh.o
    0x0002d424   0x0002d424   0x0000000c   Code   RO         7697    i.nrf_sdh_is_enabled  nrf_sdh.o
    0x0002d430   0x0002d430   0x0000001c   Code   RO         7699    i.nrf_sdh_request_continue  nrf_sdh.o
    0x0002d44c   0x0002d44c   0x0000003c   Code   RO         7867    i.nrf_sdh_soc_evts_poll  nrf_sdh_soc.o
    0x0002d488   0x0002d488   0x0000000a   Code   RO         6803    i.nrf_section_iter_init  nrf_section_iter.o
    0x0002d492   0x0002d492   0x00000024   Code   RO         6804    i.nrf_section_iter_item_set  nrf_section_iter.o
    0x0002d4b6   0x0002d4b6   0x00000020   Code   RO         6805    i.nrf_section_iter_next  nrf_section_iter.o
    0x0002d4d6   0x0002d4d6   0x00000022   Code   RO         6838    i.nrf_sortlist_add  nrf_sortlist.o
    0x0002d4f8   0x0002d4f8   0x00000006   Code   RO         6840    i.nrf_sortlist_peek  nrf_sortlist.o
    0x0002d4fe   0x0002d4fe   0x0000000e   Code   RO         6841    i.nrf_sortlist_pop  nrf_sortlist.o
    0x0002d50c   0x0002d50c   0x0000001e   Code   RO         6842    i.nrf_sortlist_remove  nrf_sortlist.o
    0x0002d52a   0x0002d52a   0x00000002   PAD
    0x0002d52c   0x0002d52c   0x00000038   Code   RO         6894    i.nrf_strerror_find  nrf_strerror.o
    0x0002d564   0x0002d564   0x00000014   Code   RO         6895    i.nrf_strerror_get  nrf_strerror.o
    0x0002d578   0x0002d578   0x0000000c   Code   RO         4730    i.nrf_timer_event_clear  nrfx_timer.o
    0x0002d584   0x0002d584   0x0000000a   Code   RO         4368    i.nrf_uart_event_check  nrfx_uart.o
    0x0002d58e   0x0002d58e   0x0000000c   Code   RO         4369    i.nrf_uart_event_clear  nrfx_uart.o
    0x0002d59a   0x0002d59a   0x0000000c   Code   RO         4370    i.nrf_uart_int_enable_check  nrfx_uart.o
    0x0002d5a6   0x0002d5a6   0x0000000a   Code   RO         4567    i.nrf_uarte_event_check  nrfx_uarte.o
    0x0002d5b0   0x0002d5b0   0x0000000c   Code   RO         4568    i.nrf_uarte_event_clear  nrfx_uarte.o
    0x0002d5bc   0x0002d5bc   0x00000010   Code   RO         3513    i.nrf_wdt_started   nrf_drv_clock.o
    0x0002d5cc   0x0002d5cc   0x0000002c   Code   RO         3850    i.nrfx_clock_enable  nrfx_clock.o
    0x0002d5f8   0x0002d5f8   0x00000020   Code   RO         3853    i.nrfx_clock_init   nrfx_clock.o
    0x0002d618   0x0002d618   0x00000030   Code   RO         3856    i.nrfx_clock_lfclk_stop  nrfx_clock.o
    0x0002d648   0x0002d648   0x00000010   Code   RO         5373    i.nrfx_coredep_delay_us  drv_rtc.o
    0x0002d658   0x0002d658   0x00000098   Code   RO         4003    i.nrfx_gpiote_in_event_enable  nrfx_gpiote.o
    0x0002d6f0   0x0002d6f0   0x000000d0   Code   RO         4005    i.nrfx_gpiote_in_init  nrfx_gpiote.o
    0x0002d7c0   0x0002d7c0   0x00000078   Code   RO         4008    i.nrfx_gpiote_init  nrfx_gpiote.o
    0x0002d838   0x0002d838   0x00000010   Code   RO         4569    i.nrfx_is_in_ram    nrfx_uarte.o
    0x0002d848   0x0002d848   0x0000003a   Code   RO         4308    i.nrfx_prs_acquire  nrfx_prs.o
    0x0002d882   0x0002d882   0x00000012   Code   RO         4309    i.nrfx_prs_release  nrfx_prs.o
    0x0002d894   0x0002d894   0x00000010   Code   RO         4371    i.nrfx_uart_0_irq_handler  nrfx_uart.o
    0x0002d8a4   0x0002d8a4   0x000000d4   Code   RO         4373    i.nrfx_uart_init    nrfx_uart.o
    0x0002d978   0x0002d978   0x000000a8   Code   RO         4379    i.nrfx_uart_tx      nrfx_uart.o
    0x0002da20   0x0002da20   0x00000020   Code   RO         4381    i.nrfx_uart_tx_in_progress  nrfx_uart.o
    0x0002da40   0x0002da40   0x000000c0   Code   RO         4382    i.nrfx_uart_uninit  nrfx_uart.o
    0x0002db00   0x0002db00   0x00000010   Code   RO         4570    i.nrfx_uarte_0_irq_handler  nrfx_uarte.o
    0x0002db10   0x0002db10   0x0000006c   Code   RO         4572    i.nrfx_uarte_init   nrfx_uarte.o
    0x0002db7c   0x0002db7c   0x000000ac   Code   RO         4576    i.nrfx_uarte_tx     nrfx_uarte.o
    0x0002dc28   0x0002dc28   0x0000001c   Code   RO         4578    i.nrfx_uarte_tx_in_progress  nrfx_uarte.o
    0x0002dc44   0x0002dc44   0x00000108   Code   RO         4579    i.nrfx_uarte_uninit  nrfx_uarte.o
    0x0002dd4c   0x0002dd4c   0x00000138   Code   RO         1440    i.on_characteristic_discovery_rsp  ble_db_discovery.o
    0x0002de84   0x0002de84   0x000000a8   Code   RO         2107    i.on_connected_evt  nrf_ble_gatt.o
    0x0002df2c   0x0002df2c   0x000000da   Code   RO         1441    i.on_descriptor_discovery_rsp  ble_db_discovery.o
    0x0002e006   0x0002e006   0x00000002   PAD
    0x0002e008   0x0002e008   0x000000ac   Code   RO         2108    i.on_exchange_mtu_request_evt  nrf_ble_gatt.o
    0x0002e0b4   0x0002e0b4   0x0000002c   Code   RO          385    i.on_ias_c_evt      sh_ble.o
    0x0002e0e0   0x0002e0e0   0x000000c0   Code   RO         1442    i.on_primary_srv_discovery_rsp  ble_db_discovery.o
    0x0002e1a0   0x0002e1a0   0x0000009c   Code   RO         1443    i.on_srv_disc_completion  ble_db_discovery.o
    0x0002e23c   0x0002e23c   0x00000024   Code   RO         5554    i.page_identify     fds.o
    0x0002e260   0x0002e260   0x0000001c   Code   RO         5555    i.page_offsets_update  fds.o
    0x0002e27c   0x0002e27c   0x0000006c   Code   RO         5556    i.page_scan         fds.o
    0x0002e2e8   0x0002e2e8   0x0000001c   Code   RO         5557    i.page_tag_write_data  fds.o
    0x0002e304   0x0002e304   0x00000024   Code   RO         5558    i.page_tag_write_swap  fds.o
    0x0002e328   0x0002e328   0x00000130   Code   RO         5559    i.pages_init        fds.o
    0x0002e458   0x0002e458   0x0000000c   Code   RO         3128    i.pairing           security_dispatcher.o
    0x0002e464   0x0002e464   0x00000074   Code   RO         3129    i.pairing_failure   security_dispatcher.o
    0x0002e4d8   0x0002e4d8   0x0000002e   Code   RO         3130    i.pairing_success_evt_send  security_dispatcher.o
    0x0002e506   0x0002e506   0x00000006   Code   RO         3270    i.params_reply_pending_handle  security_manager.o
    0x0002e50c   0x0002e50c   0x00000020   Code   RO         3271    i.params_req_send   security_manager.o
    0x0002e52c   0x0002e52c   0x0000001c   Code   RO         2462    i.pdb_evt_send      peer_database.o
    0x0002e548   0x0002e548   0x00000090   Code   RO         2463    i.pdb_init          peer_database.o
    0x0002e5d8   0x0002e5d8   0x0000007c   Code   RO         2464    i.pdb_pds_evt_handler  peer_database.o
    0x0002e654   0x0002e654   0x00000006   Code   RO         2465    i.pdb_peer_data_ptr_get  peer_database.o
    0x0002e65a   0x0002e65a   0x00000002   PAD
    0x0002e65c   0x0002e65c   0x0000008c   Code   RO         2466    i.pdb_peer_free     peer_database.o
    0x0002e6e8   0x0002e6e8   0x000000dc   Code   RO         2467    i.pdb_write_buf_get  peer_database.o
    0x0002e7c4   0x0002e7c4   0x00000014   Code   RO         2468    i.pdb_write_buf_release  peer_database.o
    0x0002e7d8   0x0002e7d8   0x00000036   Code   RO         2469    i.pdb_write_buf_store  peer_database.o
    0x0002e80e   0x0002e80e   0x00000002   PAD
    0x0002e810   0x0002e810   0x00000010   Code   RO         2324    i.pds_evt_send      peer_data_storage.o
    0x0002e820   0x0002e820   0x000000dc   Code   RO         2325    i.pds_init          peer_data_storage.o
    0x0002e8fc   0x0002e8fc   0x00000004   Code   RO         2326    i.pds_next_deleted_peer_id_get  peer_data_storage.o
    0x0002e900   0x0002e900   0x00000004   Code   RO         2327    i.pds_next_peer_id_get  peer_data_storage.o
    0x0002e904   0x0002e904   0x00000058   Code   RO         2330    i.pds_peer_data_iterate  peer_data_storage.o
    0x0002e95c   0x0002e95c   0x00000010   Code   RO         2331    i.pds_peer_data_iterate_prepare  peer_data_storage.o
    0x0002e96c   0x0002e96c   0x00000072   Code   RO         2332    i.pds_peer_data_read  peer_data_storage.o
    0x0002e9de   0x0002e9de   0x00000002   PAD
    0x0002e9e0   0x0002e9e0   0x000000b4   Code   RO         2333    i.pds_peer_data_store  peer_data_storage.o
    0x0002ea94   0x0002ea94   0x00000008   Code   RO         2334    i.pds_peer_id_allocate  peer_data_storage.o
    0x0002ea9c   0x0002ea9c   0x00000016   Code   RO         2335    i.pds_peer_id_free  peer_data_storage.o
    0x0002eab2   0x0002eab2   0x00000004   Code   RO         2336    i.pds_peer_id_is_allocated  peer_data_storage.o
    0x0002eab6   0x0002eab6   0x00000002   PAD
    0x0002eab8   0x0002eab8   0x000000a8   Code   RO         2338    i.peer_data_delete_process  peer_data_storage.o
    0x0002eb60   0x0002eb60   0x00000030   Code   RO         2339    i.peer_data_find    peer_data_storage.o
    0x0002eb90   0x0002eb90   0x00000024   Code   RO         2340    i.peer_data_id_is_valid  peer_data_storage.o
    0x0002ebb4   0x0002ebb4   0x0000001a   Code   RO         2470    i.peer_data_point_to_buffer  peer_database.o
    0x0002ebce   0x0002ebce   0x00000002   PAD
    0x0002ebd0   0x0002ebd0   0x0000000c   Code   RO         2583    i.peer_id_allocate  peer_id.o
    0x0002ebdc   0x0002ebdc   0x00000024   Code   RO         2584    i.peer_id_delete    peer_id.o
    0x0002ec00   0x0002ec00   0x0000001c   Code   RO         2585    i.peer_id_free      peer_id.o
    0x0002ec1c   0x0002ec1c   0x0000000c   Code   RO         2586    i.peer_id_get_next_deleted  peer_id.o
    0x0002ec28   0x0002ec28   0x00000030   Code   RO         2587    i.peer_id_get_next_used  peer_id.o
    0x0002ec58   0x0002ec58   0x0000000c   Code   RO         2588    i.peer_id_init      peer_id.o
    0x0002ec64   0x0002ec64   0x00000014   Code   RO         2589    i.peer_id_is_allocated  peer_id.o
    0x0002ec78   0x0002ec78   0x00000014   Code   RO         2590    i.peer_id_is_deleted  peer_id.o
    0x0002ec8c   0x0002ec8c   0x00000016   Code   RO         1103    i.phy_is_valid      ble_advertising.o
    0x0002eca2   0x0002eca2   0x00000002   PAD
    0x0002eca4   0x0002eca4   0x0000001c   Code   RO         4027    i.pin_configured_set  nrfx_gpiote.o
    0x0002ecc0   0x0002ecc0   0x00000018   Code   RO         4028    i.pin_in_use_by_port  nrfx_gpiote.o
    0x0002ecd8   0x0002ecd8   0x00000018   Code   RO         4029    i.pin_in_use_by_te  nrfx_gpiote.o
    0x0002ecf0   0x0002ecf0   0x00000064   Code   RO         3075    i.pm_buffer_block_acquire  pm_buffer.o
    0x0002ed54   0x0002ed54   0x00000024   Code   RO         3076    i.pm_buffer_init    pm_buffer.o
    0x0002ed78   0x0002ed78   0x00000028   Code   RO         3077    i.pm_buffer_ptr_get  pm_buffer.o
    0x0002eda0   0x0002eda0   0x00000032   Code   RO         3078    i.pm_buffer_release  pm_buffer.o
    0x0002edd2   0x0002edd2   0x00000002   PAD
    0x0002edd4   0x0002edd4   0x00000014   Code   RO         2677    i.pm_conn_sec_status_get  peer_manager.o
    0x0002ede8   0x0002ede8   0x0000001c   Code   RO         2678    i.pm_conn_secure    peer_manager.o
    0x0002ee04   0x0002ee04   0x00000020   Code   RO          386    i.pm_evt_handler    sh_ble.o
    0x0002ee24   0x0002ee24   0x00000004   Code   RO         2680    i.pm_gcm_evt_handler  peer_manager.o
    0x0002ee28   0x0002ee28   0x00000004   Code   RO         2681    i.pm_gscm_evt_handler  peer_manager.o
    0x0002ee2c   0x0002ee2c   0x00000244   Code   RO         2981    i.pm_handler_flash_clean  peer_manager_handler.o
    0x0002f070   0x0002f070   0x0000001c   Code   RO         2982    i.pm_handler_flash_clean_on_return  peer_manager_handler.o
    0x0002f08c   0x0002f08c   0x00000054   Code   RO         2983    i.pm_handler_on_pm_evt  peer_manager_handler.o
    0x0002f0e0   0x0002f0e0   0x00000310   Code   RO         2984    i.pm_handler_pm_evt_log  peer_manager_handler.o
    0x0002f3f0   0x0002f3f0   0x00000010   Code   RO         2985    i.pm_handler_secure_on_connection  peer_manager_handler.o
    0x0002f400   0x0002f400   0x00000004   Code   RO         2684    i.pm_im_evt_handler  peer_manager.o
    0x0002f404   0x0002f404   0x000001bc   Code   RO         2685    i.pm_init           peer_manager.o
    0x0002f5c0   0x0002f5c0   0x00000118   Code   RO         2689    i.pm_pdb_evt_handler  peer_manager.o
    0x0002f6d8   0x0002f6d8   0x00000014   Code   RO         2700    i.pm_peer_delete    peer_manager.o
    0x0002f6ec   0x0002f6ec   0x0000011c   Code   RO         2704    i.pm_peer_rank_highest  peer_manager.o
    0x0002f808   0x0002f808   0x000000e8   Code   RO         2705    i.pm_peer_ranks_get  peer_manager.o
    0x0002f8f0   0x0002f8f0   0x00000094   Code   RO         2706    i.pm_peers_delete   peer_manager.o
    0x0002f984   0x0002f984   0x0000002c   Code   RO         2709    i.pm_register       peer_manager.o
    0x0002f9b0   0x0002f9b0   0x00000014   Code   RO         2711    i.pm_sec_params_set  peer_manager.o
    0x0002f9c4   0x0002f9c4   0x0000000a   Code   RO         2712    i.pm_sm_evt_handler  peer_manager.o
    0x0002f9ce   0x0002f9ce   0x00000002   PAD
    0x0002f9d0   0x0002f9d0   0x000000d0   Code   RO         4030    i.port_event_handle  nrfx_gpiote.o
    0x0002faa0   0x0002faa0   0x00000010   Code   RO         4031    i.port_handler_polarity_get  nrfx_gpiote.o
    0x0002fab0   0x0002fab0   0x0000003c   Code   RO         7284    i.postfix_process   nrf_log_str_formatter.o
    0x0002faec   0x0002faec   0x00000098   Code   RO         7285    i.prefix_process    nrf_log_str_formatter.o
    0x0002fb84   0x0002fb84   0x00000018   Code   RO         4310    i.prs_box_get       nrfx_prs.o
    0x0002fb9c   0x0002fb9c   0x0000001c   Code   RO         5560    i.queue_buf_get     fds.o
    0x0002fbb8   0x0002fbb8   0x00000010   Code   RO         5561    i.queue_buf_store   fds.o
    0x0002fbc8   0x0002fbc8   0x00000014   Code   RO         6369    i.queue_free        nrf_fstorage_sd.o
    0x0002fbdc   0x0002fbdc   0x00000118   Code   RO         2206    i.queue_process     nrf_ble_gq.o
    0x0002fcf4   0x0002fcf4   0x000000a4   Code   RO         5562    i.queue_process     fds.o
    0x0002fd98   0x0002fd98   0x000000a0   Code   RO         6370    i.queue_process     nrf_fstorage_sd.o
    0x0002fe38   0x0002fe38   0x0000001c   Code   RO         5563    i.queue_start       fds.o
    0x0002fe54   0x0002fe54   0x00000024   Code   RO         6371    i.queue_start       nrf_fstorage_sd.o
    0x0002fe78   0x0002fe78   0x00000018   Code   RO         6638    i.queue_utilization_get  nrf_queue.o
    0x0002fe90   0x0002fe90   0x00000058   Code   RO         2207    i.queues_purge      nrf_ble_gq.o
    0x0002fee8   0x0002fee8   0x00000018   Code   RO          387    i.qwr_init          sh_ble.o
    0x0002ff00   0x0002ff00   0x0000001c   Code   RO         2987    i.rank_highest      peer_manager_handler.o
    0x0002ff1c   0x0002ff1c   0x00000034   Code   RO         2715    i.rank_vars_update  peer_manager.o
    0x0002ff50   0x0002ff50   0x0000000e   Code   RO         6372    i.read              nrf_fstorage_sd.o
    0x0002ff5e   0x0002ff5e   0x00000002   PAD
    0x0002ff60   0x0002ff60   0x000000a8   Code   RO         2471    i.reattempt_previous_operations  peer_database.o
    0x00030008   0x00030008   0x00000090   Code   RO         5564    i.record_find       fds.o
    0x00030098   0x00030098   0x000000a0   Code   RO         5565    i.record_find_by_desc  fds.o
    0x00030138   0x00030138   0x0000005c   Code   RO         5566    i.record_find_next  fds.o
    0x00030194   0x00030194   0x0000003c   Code   RO         5567    i.record_header_flag_dirty  fds.o
    0x000301d0   0x000301d0   0x00000088   Code   RO         5568    i.records_stat      fds.o
    0x00030258   0x00030258   0x00000038   Code   RO         1444    i.registered_handler_get  ble_db_discovery.o
    0x00030290   0x00030290   0x00000010   Code   RO         2592    i.release           peer_id.o
    0x000302a0   0x000302a0   0x00000048   Code   RO         2208    i.request_err_code_handle  nrf_ble_gq.o
    0x000302e8   0x000302e8   0x000000b4   Code   RO         2209    i.request_process   nrf_ble_gq.o
    0x0003039c   0x0003039c   0x00000004   Code   RO         6373    i.rmap              nrf_fstorage_sd.o
    0x000303a0   0x000303a0   0x0000005c   Code   RO         5113    i.rtc_irq           app_timer2.o
    0x000303fc   0x000303fc   0x00000064   Code   RO         5114    i.rtc_schedule      app_timer2.o
    0x00030460   0x00030460   0x00000074   Code   RO         5115    i.rtc_update        app_timer2.o
    0x000304d4   0x000304d4   0x00000032   Code   RO         4383    i.rx_byte           nrfx_uart.o
    0x00030506   0x00030506   0x00000016   Code   RO         4384    i.rx_done_event     nrfx_uart.o
    0x0003051c   0x0003051c   0x00000016   Code   RO         4580    i.rx_done_event     nrfx_uarte.o
    0x00030532   0x00030532   0x00000002   PAD
    0x00030534   0x00030534   0x00000024   Code   RO         1685    i.sc_send_pending_handle  gatt_cache_manager.o
    0x00030558   0x00030558   0x00000058   Code   RO         3514    i.sd_state_evt_handler  nrf_drv_clock.o
    0x000305b0   0x000305b0   0x00000030   Code   RO         7702    i.sdh_request_observer_notify  nrf_sdh.o
    0x000305e0   0x000305e0   0x0000002c   Code   RO         7703    i.sdh_state_observer_notify  nrf_sdh.o
    0x0003060c   0x0003060c   0x000000d8   Code   RO         3131    i.sec_info_request_process  security_dispatcher.o
    0x000306e4   0x000306e4   0x000000f4   Code   RO         3132    i.sec_keyset_fill   security_dispatcher.o
    0x000307d8   0x000307d8   0x00000076   Code   RO         3272    i.sec_params_verify  security_manager.o
    0x0003084e   0x0003084e   0x00000002   PAD
    0x00030850   0x00030850   0x00000060   Code   RO         3133    i.sec_proc_start    security_dispatcher.o
    0x000308b0   0x000308b0   0x0000005c   Code   RO         3273    i.sec_req_process   security_manager.o
    0x0003090c   0x0003090c   0x00000022   Code   RO         3134    i.send_config_req   security_dispatcher.o
    0x0003092e   0x0003092e   0x00000002   PAD
    0x00030930   0x00030930   0x00000010   Code   RO         1191    i.send_error_evt    ble_conn_params.o
    0x00030940   0x00030940   0x00000028   Code   RO         1686    i.send_unexpected_error  gatt_cache_manager.o
    0x00030968   0x00030968   0x00000028   Code   RO         3135    i.send_unexpected_error  security_dispatcher.o
    0x00030990   0x00030990   0x00000040   Code   RO         6989    i.serial_tx         nrf_log_backend_uart.o
    0x000309d0   0x000309d0   0x00000014   Code   RO         1687    i.service_changed_pending_flags_check  gatt_cache_manager.o
    0x000309e4   0x000309e4   0x00000094   Code   RO         1846    i.service_changed_pending_set  gatts_cache_manager.o
    0x00030a78   0x00030a78   0x00000168   Code   RO         1688    i.service_changed_send_in_evt  gatt_cache_manager.o
    0x00030be0   0x00030be0   0x00000088   Code   RO          996    i.service_data_encode  ble_advdata.o
    0x00030c68   0x00030c68   0x00000002   Code   RO          388    i.service_error_handler  sh_ble.o
    0x00030c6a   0x00030c6a   0x00000002   PAD
    0x00030c6c   0x00030c6c   0x00000058   Code   RO          389    i.sh_advertising_init  sh_ble.o
    0x00030cc4   0x00030cc4   0x00000014   Code   RO          390    i.sh_advertising_start  sh_ble.o
    0x00030cd8   0x00030cd8   0x0000005c   Code   RO          391    i.sh_ble_event_handler  sh_ble.o
    0x00030d34   0x00030d34   0x0000002e   Code   RO          392    i.sh_ble_init       sh_ble.o
    0x00030d62   0x00030d62   0x0000001a   Code   RO          393    i.sh_ble_stack_init  sh_ble.o
    0x00030d7c   0x00030d7c   0x00000040   Code   RO          394    i.sh_conn_params_init  sh_ble.o
    0x00030dbc   0x00030dbc   0x0000001c   Code   RO          395    i.sh_db_discovery_init  sh_ble.o
    0x00030dd8   0x00030dd8   0x00000050   Code   RO          396    i.sh_gap_params_init  sh_ble.o
    0x00030e28   0x00030e28   0x0000000c   Code   RO          397    i.sh_gatt_init      sh_ble.o
    0x00030e34   0x00030e34   0x00000030   Code   RO          552    i.sh_gpio_init      sh_gpio.o
    0x00030e64   0x00030e64   0x0000004c   Code   RO          398    i.sh_on_adv_evt     sh_ble.o
    0x00030eb0   0x00030eb0   0x00000058   Code   RO          399    i.sh_peer_manager_init  sh_ble.o
    0x00030f08   0x00030f08   0x0000000e   Code   RO          400    i.sh_services_init  sh_ble.o
    0x00030f16   0x00030f16   0x00000002   PAD
    0x00030f18   0x00030f18   0x00000040   Code   RO          578    i.sh_start_timer    sh_timer.o
    0x00030f58   0x00030f58   0x0000000e   Code   RO          579    i.sh_timer_init     sh_timer.o
    0x00030f66   0x00030f66   0x00000010   Code   RO          401    i.sleep_mode_enter  sh_ble.o
    0x00030f76   0x00030f76   0x00000002   PAD
    0x00030f78   0x00030f78   0x0000002c   Code   RO         3274    i.sm_ble_evt_handler  security_manager.o
    0x00030fa4   0x00030fa4   0x000000a2   Code   RO         3276    i.sm_conn_sec_status_get  security_manager.o
    0x00031046   0x00031046   0x00000002   PAD
    0x00031048   0x00031048   0x00000058   Code   RO         3277    i.sm_init           security_manager.o
    0x000310a0   0x000310a0   0x0000000a   Code   RO         3279    i.sm_link_secure    security_manager.o
    0x000310aa   0x000310aa   0x00000002   PAD
    0x000310ac   0x000310ac   0x00000044   Code   RO         3280    i.sm_pdb_evt_handler  security_manager.o
    0x000310f0   0x000310f0   0x00000028   Code   RO         3281    i.sm_sec_is_sufficient  security_manager.o
    0x00031118   0x00031118   0x00000034   Code   RO         3283    i.sm_sec_params_set  security_manager.o
    0x0003114c   0x0003114c   0x0000002c   Code   RO         3284    i.sm_smd_evt_handler  security_manager.o
    0x00031178   0x00031178   0x000000f4   Code   RO         3136    i.smd_ble_evt_handler  security_dispatcher.o
    0x0003126c   0x0003126c   0x00000068   Code   RO         3138    i.smd_init          security_dispatcher.o
    0x000312d4   0x000312d4   0x00000028   Code   RO         3139    i.smd_link_secure   security_dispatcher.o
    0x000312fc   0x000312fc   0x000000ac   Code   RO         3140    i.smd_params_reply  security_dispatcher.o
    0x000313a8   0x000313a8   0x00000040   Code   RO         3285    i.smd_params_reply_perform  security_manager.o
    0x000313e8   0x000313e8   0x00000018   Code   RO         3515    i.soc_evt_handler   nrf_drv_clock.o
    0x00031400   0x00031400   0x00000040   Code   RO         7704    i.softdevice_evt_irq_disable  nrf_sdh.o
    0x00031440   0x00031440   0x00000058   Code   RO         7705    i.softdevices_evt_irq_enable  nrf_sdh.o
    0x00031498   0x00031498   0x0000000c   Code   RO         5116    i.sortlist_pop      app_timer2.o
    0x000314a4   0x000314a4   0x00000094   Code   RO         7119    i.std_n             nrf_log_frontend.o
    0x00031538   0x00031538   0x0000006c   Code   RO         1689    i.store_car_value   gatt_cache_manager.o
    0x000315a4   0x000315a4   0x00000058   Code   RO         5117    i.timer_expire      app_timer2.o
    0x000315fc   0x000315fc   0x00000078   Code   RO         5118    i.timer_req_process  app_timer2.o
    0x00031674   0x00031674   0x00000038   Code   RO         5119    i.timer_req_schedule  app_timer2.o
    0x000316ac   0x000316ac   0x00000020   Code   RO         4386    i.tx_byte           nrfx_uart.o
    0x000316cc   0x000316cc   0x0000001a   Code   RO         4387    i.tx_done_event     nrfx_uart.o
    0x000316e6   0x000316e6   0x0000001a   Code   RO         4581    i.tx_done_event     nrfx_uarte.o
    0x00031700   0x00031700   0x00000030   Code   RO         3653    i.uart_evt_handler  nrf_drv_uart.o
    0x00031730   0x00031730   0x0000000c   Code   RO         6990    i.uart_evt_handler  nrf_log_backend_uart.o
    0x0003173c   0x0003173c   0x00000050   Code   RO         6991    i.uart_init         nrf_log_backend_uart.o
    0x0003178c   0x0003178c   0x0000012a   Code   RO         4388    i.uart_irq_handler  nrfx_uart.o
    0x000318b6   0x000318b6   0x00000002   PAD
    0x000318b8   0x000318b8   0x00000030   Code   RO         3654    i.uarte_evt_handler  nrf_drv_uart.o
    0x000318e8   0x000318e8   0x00000112   Code   RO         4582    i.uarte_irq_handler  nrfx_uarte.o
    0x000319fa   0x000319fa   0x0000000a   Code   RO          997    i.uint16_encode     ble_advdata.o
    0x00031a04   0x00031a04   0x00000020   Code   RO         6374    i.uninit            nrf_fstorage_sd.o
    0x00031a24   0x00031a24   0x000000b4   Code   RO         6238    i.unsigned_print    nrf_fprintf_format.o
    0x00031ad8   0x00031ad8   0x00000030   Code   RO         1690    i.update_pending_flags_check  gatt_cache_manager.o
    0x00031b08   0x00031b08   0x00000068   Code   RO         1192    i.update_timeout_handler  ble_conn_params.o
    0x00031b70   0x00031b70   0x00000018   Code   RO         1104    i.use_whitelist     ble_advertising.o
    0x00031b88   0x00031b88   0x0000000c   Code   RO         1279    i.user_flag_is_acquired  ble_conn_state.o
    0x00031b94   0x00031b94   0x00000024   Code   RO         2284    i.user_mem_reply    nrf_ble_qwr.o
    0x00031bb8   0x00031bb8   0x00000030   Code   RO          998    i.uuid_list_encode  ble_advdata.o
    0x00031be8   0x00031be8   0x0000009e   Code   RO          999    i.uuid_list_sized_encode  ble_advdata.o
    0x00031c86   0x00031c86   0x00000002   PAD
    0x00031c88   0x00031c88   0x0000004c   Code   RO          755    i.wakeup_button_cfg  bsp.o
    0x00031cd4   0x00031cd4   0x00000004   Code   RO         6375    i.wmap              nrf_fstorage_sd.o
    0x00031cd8   0x00031cd8   0x00000050   Code   RO         6376    i.write             nrf_fstorage_sd.o
    0x00031d28   0x00031d28   0x0000014c   Code   RO         2472    i.write_buf_store   peer_database.o
    0x00031e74   0x00031e74   0x00000034   Code   RO         2473    i.write_buffer_record_find  peer_database.o
    0x00031ea8   0x00031ea8   0x00000030   Code   RO         2474    i.write_buffer_record_find_next  peer_database.o
    0x00031ed8   0x00031ed8   0x0000001c   Code   RO         2475    i.write_buffer_record_invalidate  peer_database.o
    0x00031ef4   0x00031ef4   0x0000002c   Code   RO         2476    i.write_buffer_record_release  peer_database.o
    0x00031f20   0x00031f20   0x000000f4   Code   RO         5569    i.write_enqueue     fds.o
    0x00032014   0x00032014   0x000000f8   Code   RO         5570    i.write_execute     fds.o
    0x0003210c   0x0003210c   0x00000018   Code   RO         5571    i.write_space_free  fds.o
    0x00032124   0x00032124   0x00000060   Code   RO         5572    i.write_space_reserve  fds.o
    0x00032184   0x00032184   0x00000014   Data   RO          407    .constdata          sh_ble.o
    0x00032198   0x00032198   0x00000003   Data   RO          553    .constdata          sh_gpio.o
    0x0003219b   0x0003219b   0x00000008   Data   RO          638    .constdata          boards.o
    0x000321a3   0x000321a3   0x00000001   PAD
    0x000321a4   0x000321a4   0x0000002c   Data   RO          760    .constdata          bsp.o
    0x000321d0   0x000321d0   0x0000007c   Data   RO         1446    .constdata          ble_db_discovery.o
    0x0003224c   0x0003224c   0x0000006c   Data   RO         1691    .constdata          gatt_cache_manager.o
    0x000322b8   0x000322b8   0x00000004   Data   RO         1847    .constdata          gatts_cache_manager.o
    0x000322bc   0x000322bc   0x00000010   Data   RO         1848    .constdata          gatts_cache_manager.o
    0x000322cc   0x000322cc   0x00000004   Data   RO         1849    .constdata          gatts_cache_manager.o
    0x000322d0   0x000322d0   0x00000008   Data   RO         1956    .constdata          id_manager.o
    0x000322d8   0x000322d8   0x00000016   Data   RO         2109    .constdata          nrf_ble_gatt.o
    0x000322ee   0x000322ee   0x00000002   PAD
    0x000322f0   0x000322f0   0x00000018   Data   RO         2210    .constdata          nrf_ble_gq.o
    0x00032308   0x00032308   0x00000018   Data   RO         2341    .constdata          peer_data_storage.o
    0x00032320   0x00032320   0x00000010   Data   RO         2478    .constdata          peer_database.o
    0x00032330   0x00032330   0x0000002c   Data   RO         2717    .constdata          peer_manager.o
    0x0003235c   0x0003235c   0x00000014   Data   RO         2990    .constdata          peer_manager_handler.o
    0x00032370   0x00032370   0x00000078   Data   RO         3142    .constdata          security_dispatcher.o
    0x000323e8   0x000323e8   0x00000008   Data   RO         3286    .constdata          security_manager.o
    0x000323f0   0x000323f0   0x00000008   Data   RO         4033    .constdata          nrfx_gpiote.o
    0x000323f8   0x000323f8   0x00000004   Data   RO         4391    .constdata          nrfx_uart.o
    0x000323fc   0x000323fc   0x00000004   Data   RO         4585    .constdata          nrfx_uarte.o
    0x00032400   0x00032400   0x00000014   Data   RO         5122    .constdata          app_timer2.o
    0x00032414   0x00032414   0x0000000c   PAD
    0x00032420   0x00032420   0x00000006   Data   RO         5374    .constdata          drv_rtc.o
    0x00032426   0x00032426   0x00000002   PAD
    0x00032428   0x00032428   0x00000018   Data   RO         5575    .constdata          fds.o
    0x00032440   0x00032440   0x00000010   Data   RO         6239    .constdata          nrf_fprintf_format.o
    0x00032450   0x00032450   0x0000005e   Data   RO         6285    .constdata          nrf_fstorage.o
    0x000324ae   0x000324ae   0x00000002   PAD
    0x000324b0   0x000324b0   0x00000010   Data   RO         6379    .constdata          nrf_fstorage_sd.o
    0x000324c0   0x000324c0   0x00000020   Data   RO         6380    .constdata          nrf_fstorage_sd.o
    0x000324e0   0x000324e0   0x00000018   Data   RO         6558    .constdata          nrf_pwr_mgmt.o
    0x000324f8   0x000324f8   0x0000000c   Data   RO         6559    .constdata          nrf_pwr_mgmt.o
    0x00032504   0x00032504   0x0000013c   Data   RO         6896    .constdata          nrf_strerror.o
    0x00032640   0x00032640   0x0000000c   Data   RO         6993    .constdata          nrf_log_backend_uart.o
    0x0003264c   0x0003264c   0x00000020   Data   RO         6994    .constdata          nrf_log_backend_uart.o
    0x0003266c   0x0003266c   0x00000010   Data   RO         7706    .constdata          nrf_sdh.o
    0x0003267c   0x0003267c   0x00000028   Data   RO         7707    .constdata          nrf_sdh.o
    0x000326a4   0x000326a4   0x00000010   Data   RO         7708    .constdata          nrf_sdh.o
    0x000326b4   0x000326b4   0x00000010   Data   RO         7709    .constdata          nrf_sdh.o
    0x000326c4   0x000326c4   0x00000020   Data   RO         7817    .constdata          nrf_sdh_ble.o
    0x000326e4   0x000326e4   0x00000010   Data   RO         7818    .constdata          nrf_sdh_ble.o
    0x000326f4   0x000326f4   0x00000010   Data   RO         7868    .constdata          nrf_sdh_soc.o
    0x00032704   0x00032704   0x0000000c   Data   RO         7869    .constdata          nrf_sdh_soc.o
    0x00032710   0x00032710   0x00000081   Data   RO         8004    .constdata          mc_w.l(ctype_o.o)
    0x00032791   0x00032791   0x00000003   PAD
    0x00032794   0x00032794   0x00000004   Data   RO         8005    .constdata          mc_w.l(ctype_o.o)
    0x00032798   0x00032798   0x000000e9   Data   RO         1447    .conststring        ble_db_discovery.o
    0x00032881   0x00032881   0x00000003   PAD
    0x00032884   0x00032884   0x000001a4   Data   RO         1692    .conststring        gatt_cache_manager.o
    0x00032a28   0x00032a28   0x0000019c   Data   RO         1850    .conststring        gatts_cache_manager.o
    0x00032bc4   0x00032bc4   0x000000a2   Data   RO         2110    .conststring        nrf_ble_gatt.o
    0x00032c66   0x00032c66   0x00000002   PAD
    0x00032c68   0x00032c68   0x0000004a   Data   RO         2211    .conststring        nrf_ble_gq.o
    0x00032cb2   0x00032cb2   0x00000002   PAD
    0x00032cb4   0x00032cb4   0x000000e8   Data   RO         2342    .conststring        peer_data_storage.o
    0x00032d9c   0x00032d9c   0x00000180   Data   RO         2479    .conststring        peer_database.o
    0x00032f1c   0x00032f1c   0x00000090   Data   RO         2718    .conststring        peer_manager.o
    0x00032fac   0x00032fac   0x0000030f   Data   RO         2991    .conststring        peer_manager_handler.o
    0x000332bb   0x000332bb   0x00000001   PAD
    0x000332bc   0x000332bc   0x000002b2   Data   RO         3143    .conststring        security_dispatcher.o
    0x0003356e   0x0003356e   0x00000002   PAD
    0x00033570   0x00033570   0x0000017b   Data   RO         3287    .conststring        security_manager.o
    0x000336eb   0x000336eb   0x00000001   PAD
    0x000336ec   0x000336ec   0x0000004f   Data   RO         6286    .conststring        nrf_fstorage.o
    0x0003373b   0x0003373b   0x00000001   PAD
    0x0003373c   0x0003373c   0x000003eb   Data   RO         6897    .conststring        nrf_strerror.o
    0x00033b27   0x00033b27   0x00000001   PAD
    0x00033b28   0x00033b28   0x00000066   Data   RO         7286    .conststring        nrf_log_str_formatter.o
    0x00033b8e   0x00033b8e   0x00000002   PAD
    0x00033b90   0x00033b90   0x00000188   Data   RO         7819    .conststring        nrf_sdh_ble.o
    0x00033d18   0x00033d18   0x0000000c   Data   RO         1448    .conststrlit        ble_db_discovery.o
    0x00033d24   0x00033d24   0x00000011   Data   RO         1693    .conststrlit        gatt_cache_manager.o
    0x00033d35   0x00033d35   0x00000003   PAD
    0x00033d38   0x00033d38   0x00000012   Data   RO         1851    .conststrlit        gatts_cache_manager.o
    0x00033d4a   0x00033d4a   0x00000002   PAD
    0x00033d4c   0x00033d4c   0x00000010   Data   RO         1958    .conststrlit        id_manager.o
    0x00033d5c   0x00033d5c   0x0000000d   Data   RO         2111    .conststrlit        nrf_ble_gatt.o
    0x00033d69   0x00033d69   0x00000003   PAD
    0x00033d6c   0x00033d6c   0x0000000b   Data   RO         2212    .conststrlit        nrf_ble_gq.o
    0x00033d77   0x00033d77   0x00000001   PAD
    0x00033d78   0x00033d78   0x00000011   Data   RO         2343    .conststrlit        peer_data_storage.o
    0x00033d89   0x00033d89   0x00000003   PAD
    0x00033d8c   0x00033d8c   0x00000011   Data   RO         2480    .conststrlit        peer_database.o
    0x00033d9d   0x00033d9d   0x00000003   PAD
    0x00033da0   0x00033da0   0x0000000d   Data   RO         2719    .conststrlit        peer_manager.o
    0x00033dad   0x00033dad   0x00000003   PAD
    0x00033db0   0x00033db0   0x00000015   Data   RO         2994    .conststrlit        peer_manager_handler.o
    0x00033dc5   0x00033dc5   0x00000003   PAD
    0x00033dc8   0x00033dc8   0x00000011   Data   RO         3144    .conststrlit        security_dispatcher.o
    0x00033dd9   0x00033dd9   0x00000003   PAD
    0x00033ddc   0x00033ddc   0x00000010   Data   RO         3288    .conststrlit        security_manager.o
    0x00033dec   0x00033dec   0x00000006   Data   RO         3521    .conststrlit        nrf_drv_clock.o
    0x00033df2   0x00033df2   0x00000002   PAD
    0x00033df4   0x00033df4   0x00000006   Data   RO         3860    .conststrlit        nrfx_clock.o
    0x00033dfa   0x00033dfa   0x00000002   PAD
    0x00033dfc   0x00033dfc   0x00000007   Data   RO         4037    .conststrlit        nrfx_gpiote.o
    0x00033e03   0x00033e03   0x00000001   PAD
    0x00033e04   0x00033e04   0x00000004   Data   RO         4312    .conststrlit        nrfx_prs.o
    0x00033e08   0x00033e08   0x00000005   Data   RO         4394    .conststrlit        nrfx_uart.o
    0x00033e0d   0x00033e0d   0x00000003   PAD
    0x00033e10   0x00033e10   0x00000006   Data   RO         4588    .conststrlit        nrfx_uarte.o
    0x00033e16   0x00033e16   0x00000002   PAD
    0x00033e18   0x00033e18   0x00000006   Data   RO         4747    .conststrlit        nrfx_timer.o
    0x00033e1e   0x00033e1e   0x00000002   PAD
    0x00033e20   0x00033e20   0x0000000b   Data   RO         4872    .conststrlit        app_button.o
    0x00033e2b   0x00033e2b   0x00000001   PAD
    0x00033e2c   0x00033e2c   0x0000000a   Data   RO         5123    .conststrlit        app_timer2.o
    0x00033e36   0x00033e36   0x00000002   PAD
    0x00033e38   0x00033e38   0x0000000d   Data   RO         6287    .conststrlit        nrf_fstorage.o
    0x00033e45   0x00033e45   0x00000003   PAD
    0x00033e48   0x00033e48   0x00000009   Data   RO         6560    .conststrlit        nrf_pwr_mgmt.o
    0x00033e51   0x00033e51   0x00000003   PAD
    0x00033e54   0x00033e54   0x00000009   Data   RO         6843    .conststrlit        nrf_sortlist.o
    0x00033e5d   0x00033e5d   0x00000003   PAD
    0x00033e60   0x00033e60   0x00000011   Data   RO         7059    .conststrlit        nrf_log_default_backends.o
    0x00033e71   0x00033e71   0x00000003   PAD
    0x00033e74   0x00033e74   0x00000004   Data   RO         7125    .conststrlit        nrf_log_frontend.o
    0x00033e78   0x00033e78   0x00000008   Data   RO         7710    .conststrlit        nrf_sdh.o
    0x00033e80   0x00033e80   0x0000000c   Data   RO         7820    .conststrlit        nrf_sdh_ble.o
    0x00033e8c   0x00033e8c   0x0000000c   Data   RO         7870    .conststrlit        nrf_sdh_soc.o
    0x00033e98   0x00033e98   0x00000020   Data   RO         8058    Region$$Table       anon$$obj.o
    0x00033eb8   0x00033eb8   0x00000010   Data   RO         7061    log_backends        nrf_log_default_backends.o
    0x00033ec8   0x00033ec8   0x00000008   Data   RO         1450    log_const_data      ble_db_discovery.o
    0x00033ed0   0x00033ed0   0x00000008   Data   RO         1695    log_const_data      gatt_cache_manager.o
    0x00033ed8   0x00033ed8   0x00000008   Data   RO         1853    log_const_data      gatts_cache_manager.o
    0x00033ee0   0x00033ee0   0x00000008   Data   RO         1960    log_const_data      id_manager.o
    0x00033ee8   0x00033ee8   0x00000008   Data   RO         2112    log_const_data      nrf_ble_gatt.o
    0x00033ef0   0x00033ef0   0x00000008   Data   RO         2213    log_const_data      nrf_ble_gq.o
    0x00033ef8   0x00033ef8   0x00000008   Data   RO         2345    log_const_data      peer_data_storage.o
    0x00033f00   0x00033f00   0x00000008   Data   RO         2482    log_const_data      peer_database.o
    0x00033f08   0x00033f08   0x00000008   Data   RO         2721    log_const_data      peer_manager.o
    0x00033f10   0x00033f10   0x00000008   Data   RO         2997    log_const_data      peer_manager_handler.o
    0x00033f18   0x00033f18   0x00000008   Data   RO         3146    log_const_data      security_dispatcher.o
    0x00033f20   0x00033f20   0x00000008   Data   RO         3290    log_const_data      security_manager.o
    0x00033f28   0x00033f28   0x00000008   Data   RO         3522    log_const_data      nrf_drv_clock.o
    0x00033f30   0x00033f30   0x00000008   Data   RO         3862    log_const_data      nrfx_clock.o
    0x00033f38   0x00033f38   0x00000008   Data   RO         4038    log_const_data      nrfx_gpiote.o
    0x00033f40   0x00033f40   0x00000008   Data   RO         4314    log_const_data      nrfx_prs.o
    0x00033f48   0x00033f48   0x00000008   Data   RO         4395    log_const_data      nrfx_uart.o
    0x00033f50   0x00033f50   0x00000008   Data   RO         4589    log_const_data      nrfx_uarte.o
    0x00033f58   0x00033f58   0x00000008   Data   RO         4748    log_const_data      nrfx_timer.o
    0x00033f60   0x00033f60   0x00000008   Data   RO         4874    log_const_data      app_button.o
    0x00033f68   0x00033f68   0x00000008   Data   RO         5126    log_const_data      app_timer2.o
    0x00033f70   0x00033f70   0x00000008   Data   RO         6288    log_const_data      nrf_fstorage.o
    0x00033f78   0x00033f78   0x00000008   Data   RO         6562    log_const_data      nrf_pwr_mgmt.o
    0x00033f80   0x00033f80   0x00000008   Data   RO         6844    log_const_data      nrf_sortlist.o
    0x00033f88   0x00033f88   0x00000008   Data   RO         7129    log_const_data      nrf_log_frontend.o
    0x00033f90   0x00033f90   0x00000008   Data   RO         7712    log_const_data      nrf_sdh.o
    0x00033f98   0x00033f98   0x00000008   Data   RO         7822    log_const_data      nrf_sdh_ble.o
    0x00033fa0   0x00033fa0   0x00000008   Data   RO         7871    log_const_data      nrf_sdh_soc.o
    0x00033fa8   0x00033fa8   0x00000014   Data   RO          413    nrf_balloc          sh_ble.o
    0x00033fbc   0x00033fbc   0x00000014   Data   RO         7130    nrf_balloc          nrf_log_frontend.o
    0x00033fd0   0x00033fd0   0x00000014   Data   RO          414    nrf_queue           sh_ble.o
    0x00033fe4   0x00033fe4   0x00000008   Data   RO         1281    sdh_ble_observers0  ble_conn_state.o
    0x00033fec   0x00033fec   0x00000020   Data   RO          415    sdh_ble_observers1  sh_ble.o
    0x0003400c   0x0003400c   0x00000008   Data   RO          863    sdh_ble_observers1  bsp_btn_ble.o
    0x00034014   0x00034014   0x00000008   Data   RO         1195    sdh_ble_observers1  ble_conn_params.o
    0x0003401c   0x0003401c   0x00000008   Data   RO         2722    sdh_ble_observers1  peer_manager.o
    0x00034024   0x00034024   0x00000010   Data   RO          416    sdh_ble_observers2  sh_ble.o
    0x00034034   0x00034034   0x00000008   Data   RO          417    sdh_ble_observers3  sh_ble.o
    0x0003403c   0x0003403c   0x00000008   Data   RO         6382    sdh_req_observers0  nrf_fstorage_sd.o
    0x00034044   0x00034044   0x00000008   Data   RO         3523    sdh_soc_observers0  nrf_drv_clock.o
    0x0003404c   0x0003404c   0x00000008   Data   RO         6383    sdh_soc_observers0  nrf_fstorage_sd.o
    0x00034054   0x00034054   0x00000008   Data   RO         7823    sdh_stack_observers0  nrf_sdh_ble.o
    0x0003405c   0x0003405c   0x00000008   Data   RO         7872    sdh_stack_observers0  nrf_sdh_soc.o
    0x00034064   0x00034064   0x00000008   Data   RO         3524    sdh_state_observers0  nrf_drv_clock.o
    0x0003406c   0x0003406c   0x00000008   Data   RO         6384    sdh_state_observers0  nrf_fstorage_sd.o


    Execution Region RW_IRAM1 (Exec base: 0x20002260, Load base: 0x00034074, Size: 0x00003a60, Max: 0x0003dda0, ABSOLUTE, COMPRESSED[0x000000c0])

    Exec Addr    Load Addr    Size         Type   Attr      Idx    E Section Name        Object

    0x20002260   COMPRESSED   0x000005ec   Data   RW          408    .data               sh_ble.o
    0x2000284c   COMPRESSED   0x00000002   Data   RW          409    .data               sh_ble.o
    0x2000284e   COMPRESSED   0x00000004   Data   RW          410    .data               sh_ble.o
    0x20002852   COMPRESSED   0x00000008   Data   RW          411    .data               sh_ble.o
    0x2000285a   COMPRESSED   0x00000002   PAD
    0x2000285c   COMPRESSED   0x00000008   Data   RW          412    .data               sh_ble.o
    0x20002864   COMPRESSED   0x00000001   Data   RW          580    .data               sh_timer.o
    0x20002865   COMPRESSED   0x00000003   PAD
    0x20002868   COMPRESSED   0x00000010   Data   RW          761    .data               bsp.o
    0x20002878   COMPRESSED   0x00000008   Data   RW          862    .data               bsp_btn_ble.o
    0x20002880   COMPRESSED   0x00000008   Data   RW         1194    .data               ble_conn_params.o
    0x20002888   COMPRESSED   0x00000010   Data   RW         1449    .data               ble_db_discovery.o
    0x20002898   COMPRESSED   0x00000010   Data   RW         1694    .data               gatt_cache_manager.o
    0x200028a8   COMPRESSED   0x0000000c   Data   RW         1852    .data               gatts_cache_manager.o
    0x200028b4   COMPRESSED   0x0000000c   Data   RW         2344    .data               peer_data_storage.o
    0x200028c0   COMPRESSED   0x00000008   Data   RW         2481    .data               peer_database.o
    0x200028c8   COMPRESSED   0x00000010   Data   RW         2720    .data               peer_manager.o
    0x200028d8   COMPRESSED   0x00000060   Data   RW         2995    .data               peer_manager_handler.o
    0x20002938   COMPRESSED   0x00000005   Data   RW         3145    .data               security_dispatcher.o
    0x2000293d   COMPRESSED   0x00000003   PAD
    0x20002940   COMPRESSED   0x00000015   Data   RW         3289    .data               security_manager.o
    0x20002955   COMPRESSED   0x00000003   PAD
    0x20002958   COMPRESSED   0x00000014   Data   RW         3655    .data               nrf_drv_uart.o
    0x2000296c   COMPRESSED   0x00000008   Data   RW         3861    .data               nrfx_clock.o
    0x20002974   COMPRESSED   0x00000008   Data   RW         4313    .data               nrfx_prs.o
    0x2000297c   COMPRESSED   0x00000004   PAD
    0x20002980   COMPRESSED   0x00000020   Data   RW         5124    .data               app_timer2.o
    0x200029a0   COMPRESSED   0x00000004   Data   RW         5125    .data               app_timer2.o
    0x200029a4   COMPRESSED   0x0000000c   Data   RW         5375    .data               drv_rtc.o
    0x200029b0   COMPRESSED   0x00000030   Data   RW         5576    .data               fds.o
    0x200029e0   COMPRESSED   0x00000008   Data   RW         6381    .data               nrf_fstorage_sd.o
    0x200029e8   COMPRESSED   0x00000008   Data   RW         6561    .data               nrf_pwr_mgmt.o
    0x200029f0   COMPRESSED   0x00000018   Data   RW         6995    .data               nrf_log_backend_uart.o
    0x20002a08   COMPRESSED   0x00000008   Data   RW         7060    .data               nrf_log_default_backends.o
    0x20002a10   COMPRESSED   0x00000004   Data   RW         7126    .data               nrf_log_frontend.o
    0x20002a14   COMPRESSED   0x00000008   Data   RW         7127    .data               nrf_log_frontend.o
    0x20002a1c   COMPRESSED   0x00000008   Data   RW         7128    .data               nrf_log_frontend.o
    0x20002a24   COMPRESSED   0x00000040   Data   RW         7287    .data               nrf_log_str_formatter.o
    0x20002a64   COMPRESSED   0x00000003   Data   RW         7711    .data               nrf_sdh.o
    0x20002a67   COMPRESSED   0x00000001   Data   RW         7821    .data               nrf_sdh_ble.o
    0x20002a68   COMPRESSED   0x00000004   Data   RW         7911    .data               system_nrf52840.o
    0x20002a6c   COMPRESSED   0x00000014   Data   RW         5577    fs_data             fds.o
    0x20002a80        -       0x00000470   Zero   RW          402    .bss                sh_ble.o
    0x20002ef0        -       0x000000a0   Zero   RW          403    .bss                sh_ble.o
    0x20002f90        -       0x0000000c   Zero   RW          404    .bss                sh_ble.o
    0x20002f9c        -       0x0000000c   Zero   RW          405    .bss                sh_ble.o
    0x20002fa8        -       0x000000c0   Zero   RW          406    .bss                sh_ble.o
    0x20003068        -       0x00000020   Zero   RW          756    .bss                bsp.o
    0x20003088        -       0x00000020   Zero   RW          757    .bss                bsp.o
    0x200030a8        -       0x0000000c   Zero   RW          758    .bss                bsp.o
    0x200030b4   COMPRESSED   0x00000004   PAD
    0x200030b8        -       0x00000020   Zero   RW          759    .bss                bsp.o
    0x200030d8        -       0x00000050   Zero   RW         1193    .bss                ble_conn_params.o
    0x20003128        -       0x0000007c   Zero   RW         1280    .bss                ble_conn_state.o
    0x200031a4        -       0x00000018   Zero   RW         1445    .bss                ble_db_discovery.o
    0x200031bc        -       0x000000d8   Zero   RW         1955    .bss                id_manager.o
    0x20003294        -       0x00000180   Zero   RW         2477    .bss                peer_database.o
    0x20003414        -       0x00000040   Zero   RW         2593    .bss                peer_id.o
    0x20003454        -       0x0000000c   Zero   RW         2716    .bss                peer_manager.o
    0x20003460        -       0x00000040   Zero   RW         3141    .bss                security_dispatcher.o
    0x200034a0        -       0x00000014   Zero   RW         3516    .bss                nrf_drv_clock.o
    0x200034b4        -       0x0000006c   Zero   RW         4032    .bss                nrfx_gpiote.o
    0x20003520        -       0x0000002c   Zero   RW         4389    .bss                nrfx_uart.o
    0x2000354c        -       0x00000024   Zero   RW         4583    .bss                nrfx_uarte.o
    0x20003570        -       0x0000000c   Zero   RW         4745    .bss                nrfx_timer.o
    0x2000357c        -       0x00000010   Zero   RW         5120    .bss                app_timer2.o
    0x2000358c        -       0x00000058   Zero   RW         5121    .bss                app_timer2.o
    0x200035e4        -       0x0000000c   Zero   RW         5250    .bss                app_util_platform.o
    0x200035f0        -       0x00000010   Zero   RW         5573    .bss                fds.o
    0x20003600        -       0x000000e0   Zero   RW         5574    .bss                fds.o
    0x200036e0        -       0x00000010   Zero   RW         6377    .bss                nrf_fstorage_sd.o
    0x200036f0        -       0x000000a0   Zero   RW         6378    .bss                nrf_fstorage_sd.o
    0x20003790        -       0x0000000c   Zero   RW         6557    .bss                nrf_pwr_mgmt.o
    0x2000379c        -       0x00000040   Zero   RW         6992    .bss                nrf_log_backend_uart.o
    0x200037dc        -       0x000000c0   Zero   RW         7120    .bss                nrf_log_frontend.o
    0x2000389c        -       0x00000420   Zero   RW         7123    .bss                nrf_log_frontend.o
    0x20003cbc   COMPRESSED   0x00000004   PAD
    0x20003cc0        -       0x00002000   Zero   RW         7899    STACK               arm_startup_nrf52840.o


==============================================================================

Image component sizes


      Code (inc. data)   RO Data    RW Data    ZI Data      Debug   Object Name

         0          0         19          0          0       1831   app_button.o
        22          0          0          0          0       2481   app_error.o
       132         46          0          0          0      34057   app_error_weak.o
         0          0          0          0          0      37150   app_scheduler.o
       846         88         38         36        104      16577   app_timer2.o
       124         14          0          0         12      10542   app_util_platform.o
        36          8        512          0       8192        924   arm_startup_nrf52840.o
      1338          0          0          0          0      53356   ble_advdata.o
      1006          6          0          0          0      10143   ble_advertising.o
       636         44          8          8         80       9271   ble_conn_params.o
       772         62          8          0        124      15621   ble_conn_state.o
      1966        156        377         16         24      20427   ble_db_discovery.o
       360          4          0          0          0       8475   ble_ias_c.o
         8          0          0          0          0      43834   ble_srv_common.o
       266         38          8          0          0      12297   boards.o
       822         66         44         16        108      12664   bsp.o
       196          6          8          8          0       3929   bsp_btn_ble.o
       704         76          6         12          0      48509   drv_rtc.o
      3872        348         24         68        240      50622   fds.o
      2152        552        553         16          0      33763   gatt_cache_manager.o
       686         84        462         12          0      16563   gatts_cache_manager.o
       946         34         32          0        216      15020   id_manager.o
        36          4          0          0          0     215022   main.o
       342          0          0          0          0       6686   nrf_atfifo.o
       170          0          0          0          0       4784   nrf_atflags.o
       332          0          0          0          0      10102   nrf_atomic.o
       164          0          0          0          0       3624   nrf_balloc.o
       922        272        205          0          0      37215   nrf_ble_gatt.o
      1122        114        117          0          0      11011   nrf_ble_gq.o
       276          0          0          0          0       4693   nrf_ble_qwr.o
       312         36         30          0         20      43704   nrf_drv_clock.o
       200         26          0         20          0      17796   nrf_drv_uart.o
        50          0          0          0          0       3521   nrf_fprintf.o
       866          4         16          0          0       6538   nrf_fprintf_format.o
       972        432        194          0          0       8004   nrf_fstorage.o
       798         82         72          8        176      15967   nrf_fstorage_sd.o
       200          0          0          0          0      11581   nrf_log_backend_serial.o
       226         44         44         24         64      15206   nrf_log_backend_uart.o
         0          0         33          8          0       2517   nrf_log_default_backends.o
      1384        110         32         20       1248      29267   nrf_log_frontend.o
       570        108        102         64          0       5640   nrf_log_str_formatter.o
       346          0          0          0          0       9447   nrf_memobj.o
        40         12         53          8         12       3560   nrf_pwr_mgmt.o
       406          0          0          0          0       6399   nrf_queue.o
         0          0          0          0          0       1088   nrf_ringbuf.o
       560         60        104          3          0      45188   nrf_sdh.o
       672        232        468          1          0       5849   nrf_sdh_ble.o
        60          4         56          0          0       2460   nrf_sdh_soc.o
        78          0          0          0          0       2772   nrf_section_iter.o
        84          0         17          0          0       4093   nrf_sortlist.o
        76         10       1319          0          0       2731   nrf_strerror.o
       242         32         14          8          0      46952   nrfx_clock.o
      1352        102         23          0        108      65311   nrfx_gpiote.o
       112         16         12          8          0       4480   nrfx_prs.o
        92         10         14          0         12       9843   nrfx_timer.o
      1354         48         17          0         44      31485   nrfx_uart.o
      1356         48         18          0         36      26931   nrfx_uarte.o
      1172        144        281         12          0      16030   peer_data_storage.o
      1434        260        425          8        384      19438   peer_database.o
       314         38          0          0         64       9115   peer_id.o
      1678        454        217         16         12      19843   peer_manager.o
      1840        842        832         96          0      10050   peer_manager_handler.o
       234          0          0          0          0       5427   pm_buffer.o
      1944        268        835          5         64      26867   security_dispatcher.o
      1372        122        411         21          0      54522   security_manager.o
       978        178        116       1538       1512      14942   sh_ble.o
        48         10          3          0          0        579   sh_gpio.o
       114         22          0          1          0      32098   sh_timer.o
       584         68          0          4          0      12499   system_nrf52840.o

    ----------------------------------------------------------------------
     44468       5844       8296       2080      12864    1400933   Object Totals
         0          0         32          0          0          0   (incl. Generated)
        94          0         85         15          8          0   (incl. Padding)

    ----------------------------------------------------------------------

      Code (inc. data)   RO Data    RW Data    ZI Data      Debug   Library Member Name

        92          0          0          0          0          0   __dczerorl2.o
         8          4        133          0          0         68   ctype_o.o
         0          0          0          0          0          0   entry.o
         8          4          0          0          0          0   entry2.o
         4          0          0          0          0          0   entry5.o
         0          0          0          0          0          0   entry7b.o
         8          4          0          0          0          0   entry8.o
        30          0          0          0          0          0   handlers.o
        36          8          0          0          0         68   init.o
        30          0          0          0          0         68   llshl.o
        32          0          0          0          0         68   llushr.o
        26          0          0          0          0         80   memcmp.o
        36          0          0          0          0         68   memcpya.o
        36          0          0          0          0        108   memseta.o
        16          0          0          0          0         68   strlen.o
        98          0          0          0          0         92   uldiv.o

    ----------------------------------------------------------------------
       464         20        136          0          0        688   Library Totals
         4          0          3          0          0          0   (incl. Padding)

    ----------------------------------------------------------------------

      Code (inc. data)   RO Data    RW Data    ZI Data      Debug   Library Name

       460         20        133          0          0        688   mc_w.l

    ----------------------------------------------------------------------
       464         20        136          0          0        688   Library Totals

    ----------------------------------------------------------------------

==============================================================================


      Code (inc. data)   RO Data    RW Data    ZI Data      Debug   

     44932       5864       8432       2080      12864    1345197   Grand Totals
     44932       5864       8432        192      12864    1345197   ELF Image Totals (compressed)
     44932       5864       8432        192          0          0   ROM Totals

==============================================================================

    Total RO  Size (Code + RO Data)                53364 (  52.11kB)
    Total RW  Size (RW Data + ZI Data)             14944 (  14.59kB)
    Total ROM Size (Code + RO Data + RW Data)      53556 (  52.30kB)

==============================================================================

